Component: Arm Compiler for Embedded 6.18 Tool: armlink [5e4cc100]

==============================================================================

Section Cross References

    startup_stm32f103xb.o(RESET) refers to startup_stm32f103xb.o(STACK) for __initial_sp
    startup_stm32f103xb.o(RESET) refers to startup_stm32f103xb.o(.text) for Reset_Handler
    startup_stm32f103xb.o(RESET) refers to stm32f1xx_it.o(.text.NMI_Handler) for NMI_Handler
    startup_stm32f103xb.o(RESET) refers to stm32f1xx_it.o(.text.HardFault_Handler) for HardFault_Handler
    startup_stm32f103xb.o(RESET) refers to stm32f1xx_it.o(.text.MemManage_Handler) for MemManage_Handler
    startup_stm32f103xb.o(RESET) refers to stm32f1xx_it.o(.text.BusFault_Handler) for BusFault_Handler
    startup_stm32f103xb.o(RESET) refers to stm32f1xx_it.o(.text.UsageFault_Handler) for UsageFault_Handler
    startup_stm32f103xb.o(RESET) refers to stm32f1xx_it.o(.text.SVC_Handler) for SVC_Handler
    startup_stm32f103xb.o(RESET) refers to stm32f1xx_it.o(.text.DebugMon_Handler) for DebugMon_Handler
    startup_stm32f103xb.o(RESET) refers to stm32f1xx_it.o(.text.PendSV_Handler) for PendSV_Handler
    startup_stm32f103xb.o(RESET) refers to stm32f1xx_it.o(.text.SysTick_Handler) for SysTick_Handler
    startup_stm32f103xb.o(RESET) refers to stm32f1xx_it.o(.text.TIM2_IRQHandler) for TIM2_IRQHandler
    startup_stm32f103xb.o(RESET) refers to stm32f1xx_it.o(.text.USART1_IRQHandler) for USART1_IRQHandler
    startup_stm32f103xb.o(.text) refers to system_stm32f1xx.o(.text.SystemInit) for SystemInit
    startup_stm32f103xb.o(.text) refers to entry.o(.ARM.Collect$$$$00000000) for __main
    main.o(.text.main) refers to stm32f1xx_hal.o(.text.HAL_Init) for HAL_Init
    main.o(.text.main) refers to stm32f1xx_hal_rcc.o(.text.HAL_RCC_OscConfig) for HAL_RCC_OscConfig
    main.o(.text.main) refers to stm32f1xx_hal_rcc.o(.text.HAL_RCC_ClockConfig) for HAL_RCC_ClockConfig
    main.o(.text.main) refers to gpio.o(.text.MX_GPIO_Init) for MX_GPIO_Init
    main.o(.text.main) refers to tim.o(.text.MX_TIM2_Init) for MX_TIM2_Init
    main.o(.text.main) refers to usart.o(.text.MX_USART1_UART_Init) for MX_USART1_UART_Init
    main.o(.text.main) refers to usart.o(.text.MX_USART2_UART_Init) for MX_USART2_UART_Init
    main.o(.text.main) refers to stm32f1xx_hal.o(.text.HAL_Delay) for HAL_Delay
    main.o(.text.main) refers to func.o(.text.Voice_mode) for Voice_mode
    main.o(.text.main) refers to mpu6050.o(.text.MPU_Init) for MPU_Init
    main.o(.text.main) refers to inv_mpu.o(.text.mpu_dmp_init) for mpu_dmp_init
    main.o(.text.main) refers to puts.o(i.puts) for puts
    main.o(.text.main) refers to printf8.o(i.__0printf$8) for __2printf
    main.o(.text.main) refers to usart.o(.bss..L_MergedGlobals) for huart1
    main.o(.text.main) refers to stm32f1xx_hal_uart.o(.text.HAL_UART_Receive_IT) for HAL_UART_Receive_IT
    main.o(.text.main) refers to mpu6050.o(.bss.pitch) for pitch
    main.o(.text.main) refers to mpu6050.o(.bss.roll) for roll
    main.o(.text.main) refers to mpu6050.o(.bss.yaw) for yaw
    main.o(.text.main) refers to inv_mpu.o(.text.mpu_dmp_get_data) for mpu_dmp_get_data
    main.o(.text.main) refers to tim.o(.bss.htim2) for htim2
    main.o(.text.main) refers to stm32f1xx_hal_tim.o(.text.HAL_TIM_Base_Start_IT) for HAL_TIM_Base_Start_IT
    main.o(.text.main) refers to main.o(.data.mod_change) for mod_change
    main.o(.text.main) refers to main.o(.bss..L_MergedGlobals) for .L_MergedGlobals
    main.o(.text.main) refers to func.o(.text.YUYIN_func) for YUYIN_func
    main.o(.text.main) refers to fcmplt.o(.text) for __aeabi_fcmplt
    main.o(.text.main) refers to fcmpgt.o(.text) for __aeabi_fcmpgt
    main.o(.ARM.exidx.text.main) refers to main.o(.text.main) for [Anonymous Symbol]
    main.o(.text.SystemClock_Config) refers to stm32f1xx_hal_rcc.o(.text.HAL_RCC_OscConfig) for HAL_RCC_OscConfig
    main.o(.text.SystemClock_Config) refers to stm32f1xx_hal_rcc.o(.text.HAL_RCC_ClockConfig) for HAL_RCC_ClockConfig
    main.o(.ARM.exidx.text.SystemClock_Config) refers to main.o(.text.SystemClock_Config) for [Anonymous Symbol]
    main.o(.ARM.exidx.text.Error_Handler) refers to main.o(.text.Error_Handler) for [Anonymous Symbol]
    gpio.o(.text.MX_GPIO_Init) refers to stm32f1xx_hal_gpio.o(.text.HAL_GPIO_WritePin) for HAL_GPIO_WritePin
    gpio.o(.text.MX_GPIO_Init) refers to stm32f1xx_hal_gpio.o(.text.HAL_GPIO_Init) for HAL_GPIO_Init
    gpio.o(.ARM.exidx.text.MX_GPIO_Init) refers to gpio.o(.text.MX_GPIO_Init) for [Anonymous Symbol]
    tim.o(.text.MX_TIM2_Init) refers to tim.o(.bss.htim2) for htim2
    tim.o(.text.MX_TIM2_Init) refers to stm32f1xx_hal_tim.o(.text.HAL_TIM_Base_Init) for HAL_TIM_Base_Init
    tim.o(.text.MX_TIM2_Init) refers to main.o(.text.Error_Handler) for Error_Handler
    tim.o(.text.MX_TIM2_Init) refers to stm32f1xx_hal_tim.o(.text.HAL_TIM_ConfigClockSource) for HAL_TIM_ConfigClockSource
[...]
    ../mathlib/poly.c                        0x00000000   Number         0  poly.o ABSOLUTE
    ../mathlib/qnan.c                        0x00000000   Number         0  qnan.o ABSOLUTE
    ../mathlib/sqrt.c                        0x00000000   Number         0  sqrt.o ABSOLUTE
    cdcmple.s                                0x00000000   Number         0  cdcmple.o ABSOLUTE
    cdrcmple.s                               0x00000000   Number         0  cdrcmple.o ABSOLUTE
    dc.s                                     0x00000000   Number         0  dc.o ABSOLUTE
    func.c                                   0x00000000   Number         0  func.o ABSOLUTE
    gpio.c                                   0x00000000   Number         0  gpio.o ABSOLUTE
    handlers.s                               0x00000000   Number         0  handlers.o ABSOLUTE
    init.s                                   0x00000000   Number         0  init.o ABSOLUTE
    inv_mpu.c                                0x00000000   Number         0  inv_mpu.o ABSOLUTE
    inv_mpu_dmp_motion_driver.c              0x00000000   Number         0  inv_mpu_dmp_motion_driver.o ABSOLUTE
    main.c                                   0x00000000   Number         0  main.o ABSOLUTE
    mpu6050.c                                0x00000000   Number         0  mpu6050.o ABSOLUTE
    mpuiic.c                                 0x00000000   Number         0  mpuiic.o ABSOLUTE
    startup_stm32f103xb.s                    0x00000000   Number         0  startup_stm32f103xb.o ABSOLUTE
    stm32f1xx_hal.c                          0x00000000   Number         0  stm32f1xx_hal.o ABSOLUTE
    stm32f1xx_hal_cortex.c                   0x00000000   Number         0  stm32f1xx_hal_cortex.o ABSOLUTE
    stm32f1xx_hal_dma.c                      0x00000000   Number         0  stm32f1xx_hal_dma.o ABSOLUTE
    stm32f1xx_hal_exti.c                     0x00000000   Number         0  stm32f1xx_hal_exti.o ABSOLUTE
    stm32f1xx_hal_flash.c                    0x00000000   Number         0  stm32f1xx_hal_flash.o ABSOLUTE
    stm32f1xx_hal_flash_ex.c                 0x00000000   Number         0  stm32f1xx_hal_flash_ex.o ABSOLUTE
    stm32f1xx_hal_gpio.c                     0x00000000   Number         0  stm32f1xx_hal_gpio.o ABSOLUTE
    stm32f1xx_hal_gpio_ex.c                  0x00000000   Number         0  stm32f1xx_hal_gpio_ex.o ABSOLUTE
    stm32f1xx_hal_msp.c                      0x00000000   Number         0  stm32f1xx_hal_msp.o ABSOLUTE
    stm32f1xx_hal_pwr.c                      0x00000000   Number         0  stm32f1xx_hal_pwr.o ABSOLUTE
    stm32f1xx_hal_rcc.c                      0x00000000   Number         0  stm32f1xx_hal_rcc.o ABSOLUTE
    stm32f1xx_hal_rcc_ex.c                   0x00000000   Number         0  stm32f1xx_hal_rcc_ex.o ABSOLUTE
    stm32f1xx_hal_tim.c                      0x00000000   Number         0  stm32f1xx_hal_tim.o ABSOLUTE
    stm32f1xx_hal_tim_ex.c                   0x00000000   Number         0  stm32f1xx_hal_tim_ex.o ABSOLUTE
    stm32f1xx_hal_uart.c                     0x00000000   Number         0  stm32f1xx_hal_uart.o ABSOLUTE
    stm32f1xx_it.c                           0x00000000   Number         0  stm32f1xx_it.o ABSOLUTE
    system_stm32f1xx.c                       0x00000000   Number         0  system_stm32f1xx.o ABSOLUTE
    tim.c                                    0x00000000   Number         0  tim.o ABSOLUTE
    usart.c                                  0x00000000   Number         0  usart.o ABSOLUTE
    RESET                                    0x08000000   Section      236  startup_stm32f103xb.o(RESET)
    .ARM.Collect$$$$00000000                 0x080000ec   Section        0  entry.o(.ARM.Collect$$$$00000000)
    .ARM.Collect$$$$00000001                 0x080000ec   Section        4  entry2.o(.ARM.Collect$$$$00000001)
    .ARM.Collect$$$$00000004                 0x080000f0   Section        4  entry5.o(.ARM.Collect$$$$00000004)
    .ARM.Collect$$$$00000008                 0x080000f4   Section        0  entry7b.o(.ARM.Collect$$$$00000008)
    .ARM.Collect$$$$0000000A                 0x080000f4   Section        0  entry8b.o(.ARM.Collect$$$$0000000A)
    .ARM.Collect$$$$0000000B                 0x080000f4   Section        8  entry9a.o(.ARM.Collect$$$$0000000B)
    __lit__00000000                          0x080000fc   Data           4  entry2.o(.ARM.Collect$$$$00002712)
    .ARM.Collect$$$$0000000D                 0x080000fc   Section        0  entry10a.o(.ARM.Collect$$$$0000000D)
    .ARM.Collect$$$$0000000F                 0x080000fc   Section        0  entry11a.o(.ARM.Collect$$$$0000000F)
    .ARM.Collect$$$$00002712                 0x080000fc   Section        4  entry2.o(.ARM.Collect$$$$00002712)
    .text                                    0x08000100   Section       36  startup_stm32f103xb.o(.text)
    .text                                    0x08000124   Section        0  ldiv.o(.text)
    .text                                    0x08000186   Section        0  memseta.o(.text)
    .text                                    0x080001aa   Section        0  strstr.o(.text)
    .text                                    0x080001ce   Section        0  strlen.o(.text)
    .text                                    0x080001dc   Section        0  memcmp.o(.text)
    .text                                    0x080001f6   Section        0  fadd.o(.text)
    .text                                    0x080002a6   Section        0  fmul.o(.text)
    .text                                    0x0800030a   Section        0  fdiv.o(.text)
    .text                                    0x08000386   Section        0  dadd.o(.text)
    .text                                    0x080004d4   Section        0  dmul.o(.text)
    .text                                    0x080005b8   Section        0  ddiv.o(.text)
    .text                                    0x08000696   Section        0  fcmple.o(.text)
    .text                                    0x080006b2   Section        0  fcmplt.o(.text)
    .text                                    0x080006ce   Section        0  fcmpge.o(.text)
    .text                                    0x080006ea   Section        0  fcmpgt.o(.text)
    .text                                    0x08000706   Section        0  fcmpeq.o(.text)
    .text                                    0x08000722   Section        0  fflti.o(.text)
    .text                                    0x08000734   Section        0  ffltui.o(.text)
    .text                                    0x0800073e   Section        0  ffixi.o(.text)
    .text                                    0x08000770   Section        0  f2d.o(.text)
    .text                                    0x08000796   Section        0  d2f.o(.text)
    .text                                    0x080007ce   Section        0  uldiv.o(.text)
    .text                                    0x08000830   Section        0  llshl.o(.text)
    .text                                    0x0800084e   Section        0  llsshr.o(.text)
    .text                                    0x08000872   Section        0  iusefp.o(.text)
    .text                                    0x08000872   Section        0  fepilogue.o(.text)
    .text                                    0x080008e0   Section        0  depilogue.o(.text)
    .text                                    0x0800099a   Section        0  dscalb.o(.text)
    .text                                    0x080009c8   Section       48  cdcmple.o(.text)
    .text                                    0x080009f8   Section       36  init.o(.text)
    .text                                    0x08000a1c   Section        0  llushr.o(.text)
    .text                                    0x08000a3c   Section        0  dsqrt.o(.text)
    [Anonymous Symbol]                       0x08000ae0   Section        0  stm32f1xx_it.o(.text.BusFault_Handler)
    [Anonymous Symbol]                       0x08000ae4   Section        0  stm32f1xx_it.o(.text.DebugMon_Handler)
    [Anonymous Symbol]                       0x08000ae8   Section        0  main.o(.text.Error_Handler)
    [Anonymous Symbol]                       0x08000af4   Section        0  stm32f1xx_hal_dma.o(.text.HAL_DMA_Abort)
    [Anonymous Symbol]                       0x08000b3c   Section        0  stm32f1xx_hal_dma.o(.text.HAL_DMA_Abort_IT)
    [Anonymous Symbol]                       0x08000be8   Section        0  stm32f1xx_hal.o(.text.HAL_Delay)
    [Anonymous Symbol]                       0x08000c10   Section        0  stm32f1xx_hal_gpio.o(.text.HAL_GPIO_Init)
    [Anonymous Symbol]                       0x08000e24   Section        0  stm32f1xx_hal_gpio.o(.text.HAL_GPIO_ReadPin)
    [Anonymous Symbol]                       0x08000e30   Section        0  stm32f1xx_hal_gpio.o(.text.HAL_GPIO_WritePin)
    [Anonymous Symbol]                       0x08000e3c   Section        0  stm32f1xx_hal.o(.text.HAL_GetTick)
    [Anonymous Symbol]                       0x08000e48   Section        0  stm32f1xx_hal.o(.text.HAL_IncTick)
    [Anonymous Symbol]                       0x08000e64   Section        0  stm32f1xx_hal.o(.text.HAL_Init)
    [Anonymous Symbol]                       0x08000e8c   Section        0  stm32f1xx_hal.o(.text.HAL_InitTick)
    [Anonymous Symbol]                       0x08000ed4   Section        0  stm32f1xx_hal_msp.o(.text.HAL_MspInit)
    [Anonymous Symbol]                       0x08000f18   Section        0  stm32f1xx_hal_cortex.o(.text.HAL_NVIC_EnableIRQ)
    [Anonymous Symbol]                       0x08000f38   Section        0  stm32f1xx_hal_cortex.o(.text.HAL_NVIC_SetPriority)
    [Anonymous Symbol]                       0x08000f90   Section        0  stm32f1xx_hal_cortex.o(.text.HAL_NVIC_SetPriorityGrouping)
    [Anonymous Symbol]                       0x08000fb0   Section        0  stm32f1xx_hal_rcc.o(.text.HAL_RCC_ClockConfig)
    [Anonymous Symbol]                       0x08001170   Section        0  stm32f1xx_hal_rcc.o(.text.HAL_RCC_GetPCLK1Freq)
    [Anonymous Symbol]                       0x08001198   Section        0  stm32f1xx_hal_rcc.o(.text.HAL_RCC_GetPCLK2Freq)
    [Anonymous Symbol]                       0x080011c0   Section        0  stm32f1xx_hal_rcc.o(.text.HAL_RCC_OscConfig)
    [Anonymous Symbol]                       0x08001574   Section        0  stm32f1xx_hal_cortex.o(.text.HAL_SYSTICK_Config)
    [Anonymous Symbol]                       0x080015a0   Section        0  stm32f1xx_hal_tim_ex.o(.text.HAL_TIMEx_BreakCallback)
    [Anonymous Symbol]                       0x080015a4   Section        0  stm32f1xx_hal_tim_ex.o(.text.HAL_TIMEx_CommutCallback)
    [Anonymous Symbol]                       0x080015a8   Section        0  stm32f1xx_hal_tim_ex.o(.text.HAL_TIMEx_MasterConfigSynchronization)
    [Anonymous Symbol]                       0x08001624   Section        0  stm32f1xx_hal_tim.o(.text.HAL_TIM_Base_Init)
    [Anonymous Symbol]                       0x08001710   Section        0  tim.o(.text.HAL_TIM_Base_MspInit)
    [Anonymous Symbol]                       0x08001750   Section        0  stm32f1xx_hal_tim.o(.text.HAL_TIM_Base_Start_IT)
    [Anonymous Symbol]                       0x080017c0   Section        0  stm32f1xx_hal_tim.o(.text.HAL_TIM_ConfigClockSource)
    [Anonymous Symbol]                       0x08001954   Section        0  stm32f1xx_hal_tim.o(.text.HAL_TIM_IC_CaptureCallback)
    [Anonymous Symbol]                       0x08001958   Section        0  stm32f1xx_hal_tim.o(.text.HAL_TIM_IRQHandler)
    [Anonymous Symbol]                       0x08001ac8   Section        0  stm32f1xx_hal_tim.o(.text.HAL_TIM_OC_DelayElapsedCallback)
    [Anonymous Symbol]                       0x08001acc   Section        0  stm32f1xx_hal_tim.o(.text.HAL_TIM_PWM_PulseFinishedCallback)
    [Anonymous Symbol]                       0x08001ad0   Section        0  tim.o(.text.HAL_TIM_PeriodElapsedCallback)
    [Anonymous Symbol]                       0x08001b48   Section        0  stm32f1xx_hal_tim.o(.text.HAL_TIM_TriggerCallback)
    [Anonymous Symbol]                       0x08001b4c   Section        0  stm32f1xx_hal_uart.o(.text.HAL_UARTEx_RxEventCallback)
    [Anonymous Symbol]                       0x08001b50   Section        0  stm32f1xx_hal_uart.o(.text.HAL_UART_ErrorCallback)
    [Anonymous Symbol]                       0x08001b54   Section        0  stm32f1xx_hal_uart.o(.text.HAL_UART_IRQHandler)
    [Anonymous Symbol]                       0x08001dc0   Section        0  stm32f1xx_hal_uart.o(.text.HAL_UART_Init)
    [Anonymous Symbol]                       0x08001e9c   Section        0  usart.o(.text.HAL_UART_MspInit)
    [Anonymous Symbol]                       0x08001f98   Section        0  stm32f1xx_hal_uart.o(.text.HAL_UART_Receive_IT)
    [Anonymous Symbol]                       0x08001ff0   Section        0  usart.o(.text.HAL_UART_RxCpltCallback)
    [Anonymous Symbol]                       0x080020c4   Section        0  stm32f1xx_hal_uart.o(.text.HAL_UART_Transmit)
    [Anonymous Symbol]                       0x08002274   Section        0  stm32f1xx_hal_uart.o(.text.HAL_UART_TxCpltCallback)
    [Anonymous Symbol]                       0x08002278   Section        0  stm32f1xx_it.o(.text.HardFault_Handler)
    [Anonymous Symbol]                       0x0800227c   Section        0  mpuiic.o(.text.I2C_ReadByte)
    [Anonymous Symbol]                       0x08002404   Section        0  mpuiic.o(.text.I2C_SendByte)
    [Anonymous Symbol]                       0x0800253c   Section        0  mpu6050.o(.text.MPU_Init)
    [Anonymous Symbol]                       0x080025c0   Section        0  mpuiic.o(.text.MPU_Read_Byte)
    [Anonymous Symbol]                       0x08002658   Section        0  mpuiic.o(.text.MPU_Read_Len)
    [Anonymous Symbol]                       0x08002710   Section        0  mpuiic.o(.text.MPU_Write_Byte)
    [Anonymous Symbol]                       0x0800277c   Section        0  mpuiic.o(.text.MPU_Write_Len)
    [Anonymous Symbol]                       0x080027fc   Section        0  gpio.o(.text.MX_GPIO_Init)
    [Anonymous Symbol]                       0x080028c4   Section        0  tim.o(.text.MX_TIM2_Init)
    [Anonymous Symbol]                       0x08002934   Section        0  usart.o(.text.MX_USART1_UART_Init)
    [Anonymous Symbol]                       0x08002974   Section        0  usart.o(.text.MX_USART2_UART_Init)
    [Anonymous Symbol]                       0x080029b0   Section        0  stm32f1xx_it.o(.text.MemManage_Handler)
    [Anonymous Symbol]                       0x080029b4   Section        0  stm32f1xx_it.o(.text.NMI_Handler)
    [Anonymous Symbol]                       0x080029b8   Section        0  stm32f1xx_it.o(.text.PendSV_Handler)
    [Anonymous Symbol]                       0x080029bc   Section        0  stm32f1xx_it.o(.text.SVC_Handler)
    [Anonymous Symbol]                       0x080029c0   Section        0  stm32f1xx_it.o(.text.SysTick_Handler)
    [Anonymous Symbol]                       0x080029c4   Section        0  system_stm32f1xx.o(.text.SystemInit)
    [Anonymous Symbol]                       0x080029c8   Section        0  stm32f1xx_it.o(.text.TIM2_IRQHandler)
    UART_DMAAbortOnError                     0x080029d5   Thumb Code    12  stm32f1xx_hal_uart.o(.text.UART_DMAAbortOnError)
    [Anonymous Symbol]                       0x080029d4   Section        0  stm32f1xx_hal_uart.o(.text.UART_DMAAbortOnError)
    UART_Receive_IT                          0x080029e1   Thumb Code   182  stm32f1xx_hal_uart.o(.text.UART_Receive_IT)
    [Anonymous Symbol]                       0x080029e0   Section        0  stm32f1xx_hal_uart.o(.text.UART_Receive_IT)
    [Anonymous Symbol]                       0x08002a98   Section        0  stm32f1xx_it.o(.text.USART1_IRQHandler)
    [Anonymous Symbol]                       0x08002aa4   Section        0  stm32f1xx_it.o(.text.UsageFault_Handler)
    [Anonymous Symbol]                       0x08002aa8   Section        0  func.o(.text.Voice_mode)
    [Anonymous Symbol]                       0x08002af8   Section        0  func.o(.text.YUYIN_func)
    [Anonymous Symbol]                       0x08002c80   Section        0  inv_mpu_dmp_motion_driver.o(.text.dmp_enable_feature)
    [Anonymous Symbol]                       0x08002f20   Section        0  inv_mpu_dmp_motion_driver.o(.text.dmp_load_motion_driver_firmware)
    [Anonymous Symbol]                       0x08002f38   Section        0  inv_mpu_dmp_motion_driver.o(.text.dmp_read_fifo)
    [Anonymous Symbol]                       0x0800311c   Section        0  inv_mpu_dmp_motion_driver.o(.text.dmp_set_accel_bias)
    [Anonymous Symbol]                       0x080031dc   Section        0  inv_mpu_dmp_motion_driver.o(.text.dmp_set_fifo_rate)
    [Anonymous Symbol]                       0x0800324c   Section        0  inv_mpu_dmp_motion_driver.o(.text.dmp_set_gyro_bias)
    [Anonymous Symbol]                       0x08003310   Section        0  inv_mpu_dmp_motion_driver.o(.text.dmp_set_orientation)
    [Anonymous Symbol]                       0x080033f8   Section        0  inv_mpu_dmp_motion_driver.o(.text.dmp_set_tap_thresh)
    [Anonymous Symbol]                       0x08003520   Section        0  usart.o(.text.fputc)
    get_st_biases                            0x08003545   Thumb Code   820  inv_mpu.o(.text.get_st_biases)
    [Anonymous Symbol]                       0x08003544   Section        0  inv_mpu.o(.text.get_st_biases)
    [Anonymous Symbol]                       0x08003878   Section        0  inv_mpu.o(.text.inv_orientation_matrix_to_scalar)
    [Anonymous Symbol]                       0x08003954   Section        0  main.o(.text.main)
    [Anonymous Symbol]                       0x08003b68   Section        0  inv_mpu.o(.text.mget_ms)
    [Anonymous Symbol]                       0x08003b6c   Section        0  inv_mpu.o(.text.mpu_configure_fifo)
    [Anonymous Symbol]                       0x08003c1c   Section        0  inv_mpu.o(.text.mpu_dmp_get_data)
    [Anonymous Symbol]                       0x08003e18   Section        0  inv_mpu.o(.text.mpu_dmp_init)
    [Anonymous Symbol]                       0x08003f08   Section        0  inv_mpu.o(.text.mpu_get_accel_fsr)
    [Anonymous Symbol]                       0x08003f44   Section        0  inv_mpu.o(.text.mpu_get_accel_sens)
    [Anonymous Symbol]                       0x08003f88   Section        0  inv_mpu.o(.text.mpu_init)
    [Anonymous Symbol]                       0x08004108   Section        0  inv_mpu.o(.text.mpu_load_firmware)
    [Anonymous Symbol]                       0x0800424c   Section        0  inv_mpu.o(.text.mpu_lp_accel_mode)
    [Anonymous Symbol]                       0x08004468   Section        0  inv_mpu.o(.text.mpu_read_fifo_stream)
    [Anonymous Symbol]                       0x08004524   Section        0  inv_mpu.o(.text.mpu_reset_fifo)
    [Anonymous Symbol]                       0x080046a8   Section        0  inv_mpu.o(.text.mpu_run_self_test)
    [Anonymous Symbol]                       0x08004fd4   Section        0  inv_mpu.o(.text.mpu_set_accel_fsr)
    [Anonymous Symbol]                       0x08005070   Section        0  inv_mpu.o(.text.mpu_set_bypass)
    [Anonymous Symbol]                       0x08005160   Section        0  inv_mpu.o(.text.mpu_set_dmp_state)
    [Anonymous Symbol]                       0x08005240   Section        0  inv_mpu.o(.text.mpu_set_lpf)
    [Anonymous Symbol]                       0x080052dc   Section        0  inv_mpu.o(.text.mpu_set_sample_rate)
    [Anonymous Symbol]                       0x08005424   Section        0  inv_mpu.o(.text.mpu_set_sensors)
    [Anonymous Symbol]                       0x08005510   Section        0  inv_mpu.o(.text.mpu_write_mem)
    [Anonymous Symbol]                       0x08005574   Section        0  inv_mpu.o(.text.run_self_test)
    i.__0printf$8                            0x08005668   Section        0  printf8.o(i.__0printf$8)
    i.__ARM_fpclassify                       0x08005688   Section        0  fpclassify.o(i.__ARM_fpclassify)
    i.__kernel_poly                          0x080056b0   Section        0  poly.o(i.__kernel_poly)
    i.__mathlib_dbl_infnan                   0x0800575a   Section        0  dunder.o(i.__mathlib_dbl_infnan)
    i.__mathlib_dbl_infnan2                  0x08005760   Section        0  dunder.o(i.__mathlib_dbl_infnan2)
    i.__mathlib_dbl_invalid                  0x08005764   Section        0  dunder.o(i.__mathlib_dbl_invalid)
    i.__mathlib_dbl_underflow                0x08005770   Section        0  dunder.o(i.__mathlib_dbl_underflow)
    i.__scatterload_copy                     0x08005780   Section       14  handlers.o(i.__scatterload_copy)
    i.__scatterload_null                     0x0800578e   Section        2  handlers.o(i.__scatterload_null)
    i.__scatterload_zeroinit                 0x08005790   Section       14  handlers.o(i.__scatterload_zeroinit)
    i.__set_errno                            0x080057a0   Section        0  errno.o(i.__set_errno)
    _printf_core                             0x080057ad   Thumb Code   996  printf8.o(i._printf_core)
    i._printf_core                           0x080057ac   Section        0  printf8.o(i._printf_core)
    _printf_post_padding                     0x08005bbd   Thumb Code    36  printf8.o(i._printf_post_padding)
    i._printf_post_padding                   0x08005bbc   Section        0  printf8.o(i._printf_post_padding)
    _printf_pre_padding                      0x08005be1   Thumb Code    46  printf8.o(i._printf_pre_padding)
    i._printf_pre_padding                    0x08005be0   Section        0  printf8.o(i._printf_pre_padding)
    i.asin                                   0x08005c10   Section        0  asin.o(i.asin)
    i.atan                                   0x08005e80   Section        0  atan.o(i.atan)
    i.atan2                                  0x080060a0   Section        0  atan2.o(i.atan2)
    i.puts                                   0x0800623c   Section        0  puts.o(i.puts)
    i.sqrt                                   0x08006260   Section        0  sqrt.o(i.sqrt)
    pS                                       0x080062b0   Data          48  asin.o(.constdata)
    .constdata                               0x080062b0   Section       80  asin.o(.constdata)
    qS                                       0x080062e0   Data          32  asin.o(.constdata)
    atanhi                                   0x08006300   Data          32  atan.o(.constdata)
    .constdata                               0x08006300   Section      152  atan.o(.constdata)
    atanlo                                   0x08006320   Data          32  atan.o(.constdata)
    aTodd                                    0x08006340   Data          40  atan.o(.constdata)
    aTeven                                   0x08006368   Data          48  atan.o(.constdata)
    .constdata                               0x08006398   Section        8  qnan.o(.constdata)
    .L__const.HAL_RCC_GetSysClockFreq.aPredivFactorTable 0x080063a0   Data           2  stm32f1xx_hal_rcc.o(.rodata..L__const.HAL_RCC_GetSysClockFreq.aPredivFactorTable)
    .L__const.dmp_set_orientation.accel_axes 0x080063a2   Data           3  inv_mpu_dmp_motion_driver.o(.rodata..L__const.dmp_set_orientation.accel_axes)
    .L__const.dmp_set_orientation.gyro_axes  0x080063a5   Data           3  inv_mpu_dmp_motion_driver.o(.rodata..L__const.dmp_set_orientation.gyro_axes)
    .L__const.HAL_RCC_GetSysClockFreq.aPLLMULFactorTable 0x080063c0   Data          16  stm32f1xx_hal_rcc.o(.rodata.cst16)
    dmp_memory                               0x080063d0   Data        3062  inv_mpu_dmp_motion_driver.o(.rodata.dmp_memory)
    [Anonymous Symbol]                       0x080063d0   Section        0  inv_mpu_dmp_motion_driver.o(.rodata.dmp_memory)
    .Lstr                                    0x08006ff6   Data          76  inv_mpu.o(.rodata.str1.1)
    [Anonymous Symbol]                       0x08006ff6   Section        0  inv_mpu.o(.rodata.str1.1)
    .data                                    0x20000000   Section        4  stdout.o(.data)
    _errno                                   0x20000004   Data           4  errno.o(.data)
    .data                                    0x20000004   Section        4  errno.o(.data)
    .L_MergedGlobals                         0x20000008   Data           8  stm32f1xx_hal.o(.data..L_MergedGlobals)
    [Anonymous Symbol]                       0x20000008   Section        0  stm32f1xx_hal.o(.data..L_MergedGlobals)
    .L_MergedGlobals                         0x20000010   Data          56  inv_mpu.o(.data..L_MergedGlobals)
    gyro_orientation                         0x20000010   Data           9  inv_mpu.o(.data..L_MergedGlobals)
    [Anonymous Symbol]                       0x20000010   Section        0  inv_mpu.o(.data..L_MergedGlobals)
    st                                       0x2000001c   Data          44  inv_mpu.o(.data..L_MergedGlobals)
    .L_MergedGlobals                         0x20000050   Data           2  main.o(.bss..L_MergedGlobals)
    [Anonymous Symbol]                       0x20000050   Section        0  main.o(.bss..L_MergedGlobals)
    .L_MergedGlobals                         0x20000054   Data         108  usart.o(.bss..L_MergedGlobals)
    [Anonymous Symbol]                       0x20000054   Section        0  usart.o(.bss..L_MergedGlobals)
    HAL_UART_RxCpltCallback.cnt              0x20000055   Data           1  usart.o(.bss..L_MergedGlobals)
    .L_MergedGlobals                         0x200000c0   Data           2  func.o(.bss..L_MergedGlobals)
    [Anonymous Symbol]                       0x200000c0   Section        0  func.o(.bss..L_MergedGlobals)
    .L_MergedGlobals                         0x200000c4   Data          16  inv_mpu_dmp_motion_driver.o(.bss..L_MergedGlobals)
    dmp.5                                    0x200000c4   Data           1  inv_mpu_dmp_motion_driver.o(.bss..L_MergedGlobals)
    [Anonymous Symbol]                       0x200000c4   Section        0  inv_mpu_dmp_motion_driver.o(.bss..L_MergedGlobals)
    dmp.3                                    0x200000c8   Data           2  inv_mpu_dmp_motion_driver.o(.bss..L_MergedGlobals)
    dmp.0                                    0x200000cc   Data           4  inv_mpu_dmp_motion_driver.o(.bss..L_MergedGlobals)
    dmp.1                                    0x200000d0   Data           4  inv_mpu_dmp_motion_driver.o(.bss..L_MergedGlobals)
    HAL_TIM_PeriodElapsedCallback.T2_cnt     0x200000d4   Data           2  tim.o(.bss.HAL_TIM_PeriodElapsedCallback.T2_cnt)
    [Anonymous Symbol]                       0x200000d4   Section        0  tim.o(.bss.HAL_TIM_PeriodElapsedCallback.T2_cnt)
    dmp.2                                    0x200000d8   Data           2  inv_mpu_dmp_motion_driver.o(.bss.dmp.2)
    [Anonymous Symbol]                       0x200000d8   Section        0  inv_mpu_dmp_motion_driver.o(.bss.dmp.2)
    dmp.4                                    0x200000dc   Data           2  inv_mpu_dmp_motion_driver.o(.bss.dmp.4)
    [Anonymous Symbol]                       0x200000dc   Section        0  inv_mpu_dmp_motion_driver.o(.bss.dmp.4)
    STACK                                    0x20000180   Section     1536  startup_stm32f103xb.o(STACK)

    Global Symbols

    Symbol Name                              Value     Ov Type        Size  Object(Section)

    BuildAttributes$$THM_ISAv4$P$D$K$B$S$PE$A:L22UL41UL21$X:L11$S22US41US21$IEEE1$IW$~IW$USESV6$~STKCKD$USESV7$~SHL$OTIME$ROPI$IEEEX$EBA8$MICROLIB$REQ8$PRES8$EABIv2 0x00000000   Number         0  anon$$obj.o ABSOLUTE
    _printf_a                                0x00000000   Number         0  printfstubs.o ABSOLUTE
    _printf_c                                0x00000000   Number         0  printfstubs.o ABSOLUTE
    _printf_charcount                        0x00000000   Number         0  printfstubs.o ABSOLUTE
    _printf_d                                0x00000000   Number         0  printfstubs.o ABSOLUTE
    _printf_e                                0x00000000   Number         0  printfstubs.o ABSOLUTE
    _printf_f                                0x00000000   Number         0  printfstubs.o ABSOLUTE
    _printf_flags                            0x00000000   Number         0  printfstubs.o ABSOLUTE
    _printf_fp_dec                           0x00000000   Number         0  printfstubs.o ABSOLUTE
    _printf_fp_hex                           0x00000000   Number         0  printfstubs.o ABSOLUTE
    _printf_g                                0x00000000   Number         0  printfstubs.o ABSOLUTE
    _printf_i                                0x00000000   Number         0  printfstubs.o ABSOLUTE
    _printf_int_dec                          0x00000000   Number         0  printfstubs.o ABSOLUTE
    _printf_l                                0x00000000   Number         0  printfstubs.o ABSOLUTE
    _printf_lc                               0x00000000   Number         0  printfstubs.o ABSOLUTE
    _printf_ll                               0x00000000   Number         0  printfstubs.o ABSOLUTE
    _printf_lld                              0x00000000   Number         0  printfstubs.o ABSOLUTE
    _printf_lli                              0x00000000   Number         0  printfstubs.o ABSOLUTE
    _printf_llo                              0x00000000   Number         0  printfstubs.o ABSOLUTE
    _printf_llu                              0x00000000   Number         0  printfstubs.o ABSOLUTE
    _printf_llx                              0x00000000   Number         0  printfstubs.o ABSOLUTE
    _printf_longlong_dec                     0x00000000   Number         0  printfstubs.o ABSOLUTE
    _printf_longlong_hex                     0x00000000   Number         0  printfstubs.o ABSOLUTE
    _printf_longlong_oct                     0x00000000   Number         0  printfstubs.o ABSOLUTE
    _printf_ls                               0x00000000   Number         0  printfstubs.o ABSOLUTE
    _printf_mbtowc                           0x00000000   Number         0  printfstubs.o ABSOLUTE
    _printf_n                                0x00000000   Number         0  printfstubs.o ABSOLUTE
    _printf_o                                0x00000000   Number         0  printfstubs.o ABSOLUTE
    _printf_p                                0x00000000   Number         0  printfstubs.o ABSOLUTE
    _printf_percent                          0x00000000   Number         0  printfstubs.o ABSOLUTE
    _printf_pre_padding                      0x00000000   Number         0  printfstubs.o ABSOLUTE
    _printf_return_value                     0x00000000   Number         0  printfstubs.o ABSOLUTE
    _printf_s                                0x00000000   Number         0  printfstubs.o ABSOLUTE
    _printf_sizespec                         0x00000000   Number         0  printfstubs.o ABSOLUTE
    _printf_str                              0x00000000   Number         0  printfstubs.o ABSOLUTE
    _printf_truncate_signed                  0x00000000   Number         0  printfstubs.o ABSOLUTE
    _printf_truncate_unsigned                0x00000000   Number         0  printfstubs.o ABSOLUTE
    _printf_u                                0x00000000   Number         0  printfstubs.o ABSOLUTE
    _printf_wc                               0x00000000   Number         0  printfstubs.o ABSOLUTE
    _printf_wctomb                           0x00000000   Number         0  printfstubs.o ABSOLUTE
    _printf_widthprec                        0x00000000   Number         0  printfstubs.o ABSOLUTE
    _printf_x                                0x00000000   Number         0  printfstubs.o ABSOLUTE
    __cpp_initialize__aeabi_                  - Undefined Weak Reference
    __cxa_finalize                            - Undefined Weak Reference
    __decompress                              - Undefined Weak Reference
    _clock_init                               - Undefined Weak Reference
    _microlib_exit                            - Undefined Weak Reference
    __Vectors_Size                           0x000000ec   Number         0  startup_stm32f103xb.o ABSOLUTE
    __Vectors                                0x08000000   Data           4  startup_stm32f103xb.o(RESET)
    __Vectors_End                            0x080000ec   Data           0  startup_stm32f103xb.o(RESET)
    __main                                   0x080000ed   Thumb Code     0  entry.o(.ARM.Collect$$$$00000000)
    _main_stk                                0x080000ed   Thumb Code     0  entry2.o(.ARM.Collect$$$$00000001)
    _main_scatterload                        0x080000f1   Thumb Code     0  entry5.o(.ARM.Collect$$$$00000004)
    __main_after_scatterload                 0x080000f5   Thumb Code     0  entry5.o(.ARM.Collect$$$$00000004)
    _main_clock                              0x080000f5   Thumb Code     0  entry7b.o(.ARM.Collect$$$$00000008)
    _main_cpp_init                           0x080000f5   Thumb Code     0  entry8b.o(.ARM.Collect$$$$0000000A)
    _main_init                               0x080000f5   Thumb Code     0  entry9a.o(.ARM.Collect$$$$0000000B)
    __rt_final_cpp                           0x080000fd   Thumb Code     0  entry10a.o(.ARM.Collect$$$$0000000D)
    __rt_final_exit                          0x080000fd   Thumb Code     0  entry11a.o(.ARM.Collect$$$$0000000F)
    Reset_Handler                            0x08000101   Thumb Code     8  startup_stm32f103xb.o(.text)
    ADC1_2_IRQHandler                        0x0800011b   Thumb Code     0  startup_stm32f103xb.o(.text)
    CAN1_RX1_IRQHandler                      0x0800011b   Thumb Code     0  startup_stm32f103xb.o(.text)
    CAN1_SCE_IRQHandler                      0x0800011b   Thumb Code     0  startup_stm32f103xb.o(.text)
    DMA1_Channel1_IRQHandler                 0x0800011b   Thumb Code     0  startup_stm32f103xb.o(.text)
    DMA1_Channel2_IRQHandler                 0x0800011b   Thumb Code     0  startup_stm32f103xb.o(.text)
    DMA1_Channel3_IRQHandler                 0x0800011b   Thumb Code     0  startup_stm32f103xb.o(.text)
    DMA1_Channel4_IRQHandler                 0x0800011b   Thumb Code     0  startup_stm32f103xb.o(.text)
    DMA1_Channel5_IRQHandler                 0x0800011b   Thumb Code     0  startup_stm32f103xb.o(.text)
    DMA1_Channel6_IRQHandler                 0x0800011b   Thumb Code     0  startup_stm32f103xb.o(.text)
    DMA1_Channel7_IRQHandler                 0x0800011b   Thumb Code     0  startup_stm32f103xb.o(.text)
    EXTI0_IRQHandler                         0x0800011b   Thumb Code     0  startup_stm32f103xb.o(.text)
    EXTI15_10_IRQHandler                     0x0800011b   Thumb Code     0  startup_stm32f103xb.o(.text)
    EXTI1_IRQHandler                         0x0800011b   Thumb Code     0  startup_stm32f103xb.o(.text)
    EXTI2_IRQHandler                         0x0800011b   Thumb Code     0  startup_stm32f103xb.o(.text)
    EXTI3_IRQHandler                         0x0800011b   Thumb Code     0  startup_stm32f103xb.o(.text)
    EXTI4_IRQHandler                         0x0800011b   Thumb Code     0  startup_stm32f103xb.o(.text)
    EXTI9_5_IRQHandler                       0x0800011b   Thumb Code     0  startup_stm32f103xb.o(.text)
    FLASH_IRQHandler                         0x0800011b   Thumb Code     0  startup_stm32f103xb.o(.text)
    I2C1_ER_IRQHandler                       0x0800011b   Thumb Code     0  startup_stm32f103xb.o(.text)
    I2C1_EV_IRQHandler                       0x0800011b   Thumb Code     0  startup_stm32f103xb.o(.text)
    I2C2_ER_IRQHandler                       0x0800011b   Thumb Code     0  startup_stm32f103xb.o(.text)
    I2C2_EV_IRQHandler                       0x0800011b   Thumb Code     0  startup_stm32f103xb.o(.text)
    PVD_IRQHandler                           0x0800011b   Thumb Code     0  startup_stm32f103xb.o(.text)
    RCC_IRQHandler                           0x0800011b   Thumb Code     0  startup_stm32f103xb.o(.text)
    RTC_Alarm_IRQHandler                     0x0800011b   Thumb Code     0  startup_stm32f103xb.o(.text)
    RTC_IRQHandler                           0x0800011b   Thumb Code     0  startup_stm32f103xb.o(.text)
    SPI1_IRQHandler                          0x0800011b   Thumb Code     0  startup_stm32f103xb.o(.text)
    SPI2_IRQHandler                          0x0800011b   Thumb Code     0  startup_stm32f103xb.o(.text)
    TAMPER_IRQHandler                        0x0800011b   Thumb Code     0  startup_stm32f103xb.o(.text)
    TIM1_BRK_IRQHandler                      0x0800011b   Thumb Code     0  startup_stm32f103xb.o(.text)
    TIM1_CC_IRQHandler                       0x0800011b   Thumb Code     0  startup_stm32f103xb.o(.text)
    TIM1_TRG_COM_IRQHandler                  0x0800011b   Thumb Code     0  startup_stm32f103xb.o(.text)
    TIM1_UP_IRQHandler                       0x0800011b   Thumb Code     0  startup_stm32f103xb.o(.text)
    TIM3_IRQHandler                          0x0800011b   Thumb Code     0  startup_stm32f103xb.o(.text)
    TIM4_IRQHandler                          0x0800011b   Thumb Code     0  startup_stm32f103xb.o(.text)
    USART2_IRQHandler                        0x0800011b   Thumb Code     0  startup_stm32f103xb.o(.text)
    USART3_IRQHandler                        0x0800011b   Thumb Code     0  startup_stm32f103xb.o(.text)
    USBWakeUp_IRQHandler                     0x0800011b   Thumb Code     0  startup_stm32f103xb.o(.text)
    USB_HP_CAN1_TX_IRQHandler                0x0800011b   Thumb Code     0  startup_stm32f103xb.o(.text)
    USB_LP_CAN1_RX0_IRQHandler               0x0800011b   Thumb Code     0  startup_stm32f103xb.o(.text)
    WWDG_IRQHandler                          0x0800011b   Thumb Code     0  startup_stm32f103xb.o(.text)
    __aeabi_ldivmod                          0x08000125   Thumb Code    98  ldiv.o(.text)
    __aeabi_memset                           0x08000187   Thumb Code    14  memseta.o(.text)
    __aeabi_memset4                          0x08000187   Thumb Code     0  memseta.o(.text)
    __aeabi_memset8                          0x08000187   Thumb Code     0  memseta.o(.text)
    __aeabi_memclr                           0x08000195   Thumb Code     4  memseta.o(.text)
    __aeabi_memclr4                          0x08000195   Thumb Code     0  memseta.o(.text)
    __aeabi_memclr8                          0x08000195   Thumb Code     0  memseta.o(.text)
    _memset$wrapper                          0x08000199   Thumb Code    18  memseta.o(.text)
    strstr                                   0x080001ab   Thumb Code    36  strstr.o(.text)
    strlen                                   0x080001cf   Thumb Code    14  strlen.o(.text)
    memcmp                                   0x080001dd   Thumb Code    26  memcmp.o(.text)
    __aeabi_fadd                             0x080001f7   Thumb Code   164  fadd.o(.text)
    __aeabi_fsub                             0x0800029b   Thumb Code     6  fadd.o(.text)
    __aeabi_frsub                            0x080002a1   Thumb Code     6  fadd.o(.text)
    __aeabi_fmul                             0x080002a7   Thumb Code   100  fmul.o(.text)
    __aeabi_fdiv                             0x0800030b   Thumb Code   124  fdiv.o(.text)
    __aeabi_dadd                             0x08000387   Thumb Code   322  dadd.o(.text)
    __aeabi_dsub                             0x080004c9   Thumb Code     6  dadd.o(.text)
    __aeabi_drsub                            0x080004cf   Thumb Code     6  dadd.o(.text)
    __aeabi_dmul                             0x080004d5   Thumb Code   228  dmul.o(.text)
    __aeabi_ddiv                             0x080005b9   Thumb Code   222  ddiv.o(.text)
    __aeabi_fcmple                           0x08000697   Thumb Code    28  fcmple.o(.text)
    __aeabi_fcmplt                           0x080006b3   Thumb Code    28  fcmplt.o(.text)
    __aeabi_fcmpge                           0x080006cf   Thumb Code    28  fcmpge.o(.text)
    __aeabi_fcmpgt                           0x080006eb   Thumb Code    28  fcmpgt.o(.text)
    __aeabi_fcmpeq                           0x08000707   Thumb Code    28  fcmpeq.o(.text)
    __aeabi_i2f                              0x08000723   Thumb Code    18  fflti.o(.text)
    __aeabi_ui2f                             0x08000735   Thumb Code    10  ffltui.o(.text)
    __aeabi_f2iz                             0x0800073f   Thumb Code    50  ffixi.o(.text)
    __aeabi_f2d                              0x08000771   Thumb Code    38  f2d.o(.text)
    __aeabi_d2f                              0x08000797   Thumb Code    56  d2f.o(.text)
    __aeabi_uldivmod                         0x080007cf   Thumb Code    98  uldiv.o(.text)
    __aeabi_llsl                             0x08000831   Thumb Code    30  llshl.o(.text)
    _ll_shift_l                              0x08000831   Thumb Code     0  llshl.o(.text)
    __aeabi_lasr                             0x0800084f   Thumb Code    36  llsshr.o(.text)
    _ll_sshift_r                             0x0800084f   Thumb Code     0  llsshr.o(.text)
    __I$use$fp                               0x08000873   Thumb Code     0  iusefp.o(.text)
    _float_round                             0x08000873   Thumb Code    18  fepilogue.o(.text)
    _float_epilogue                          0x08000885   Thumb Code    92  fepilogue.o(.text)
    _double_round                            0x080008e1   Thumb Code    30  depilogue.o(.text)
    _double_epilogue                         0x080008ff   Thumb Code   156  depilogue.o(.text)
    __ARM_scalbn                             0x0800099b   Thumb Code    46  dscalb.o(.text)
    scalbn                                   0x0800099b   Thumb Code     0  dscalb.o(.text)
    __aeabi_cdcmpeq                          0x080009c9   Thumb Code     0  cdcmple.o(.text)
    __aeabi_cdcmple                          0x080009c9   Thumb Code    48  cdcmple.o(.text)
    __scatterload                            0x080009f9   Thumb Code    28  init.o(.text)
    __scatterload_rt2                        0x080009f9   Thumb Code     0  init.o(.text)
    __aeabi_llsr                             0x08000a1d   Thumb Code    32  llushr.o(.text)
    _ll_ushift_r                             0x08000a1d   Thumb Code     0  llushr.o(.text)
    _dsqrt                                   0x08000a3d   Thumb Code   162  dsqrt.o(.text)
    BusFault_Handler                         0x08000ae1   Thumb Code     2  stm32f1xx_it.o(.text.BusFault_Handler)
    DebugMon_Handler                         0x08000ae5   Thumb Code     2  stm32f1xx_it.o(.text.DebugMon_Handler)
    Error_Handler                            0x08000ae9   Thumb Code    10  main.o(.text.Error_Handler)
    HAL_DMA_Abort                            0x08000af5   Thumb Code    70  stm32f1xx_hal_dma.o(.text.HAL_DMA_Abort)
    HAL_DMA_Abort_IT                         0x08000b3d   Thumb Code   170  stm32f1xx_hal_dma.o(.text.HAL_DMA_Abort_IT)
    HAL_Delay                                0x08000be9   Thumb Code    40  stm32f1xx_hal.o(.text.HAL_Delay)
    HAL_GPIO_Init                            0x08000c11   Thumb Code   530  stm32f1xx_hal_gpio.o(.text.HAL_GPIO_Init)
    HAL_GPIO_ReadPin                         0x08000e25   Thumb Code    10  stm32f1xx_hal_gpio.o(.text.HAL_GPIO_ReadPin)
    HAL_GPIO_WritePin                        0x08000e31   Thumb Code    10  stm32f1xx_hal_gpio.o(.text.HAL_GPIO_WritePin)
    HAL_GetTick                              0x08000e3d   Thumb Code    12  stm32f1xx_hal.o(.text.HAL_GetTick)
    HAL_IncTick                              0x08000e49   Thumb Code    26  stm32f1xx_hal.o(.text.HAL_IncTick)
    HAL_Init                                 0x08000e65   Thumb Code    38  stm32f1xx_hal.o(.text.HAL_Init)
    HAL_InitTick                             0x08000e8d   Thumb Code    72  stm32f1xx_hal.o(.text.HAL_InitTick)
    HAL_MspInit                              0x08000ed5   Thumb Code    66  stm32f1xx_hal_msp.o(.text.HAL_MspInit)
    HAL_NVIC_EnableIRQ                       0x08000f19   Thumb Code    32  stm32f1xx_hal_cortex.o(.text.HAL_NVIC_EnableIRQ)
    HAL_NVIC_SetPriority                     0x08000f39   Thumb Code    86  stm32f1xx_hal_cortex.o(.text.HAL_NVIC_SetPriority)
    HAL_NVIC_SetPriorityGrouping             0x08000f91   Thumb Code    32  stm32f1xx_hal_cortex.o(.text.HAL_NVIC_SetPriorityGrouping)
    HAL_RCC_ClockConfig                      0x08000fb1   Thumb Code   446  stm32f1xx_hal_rcc.o(.text.HAL_RCC_ClockConfig)
    HAL_RCC_GetPCLK1Freq                     0x08001171   Thumb Code    38  stm32f1xx_hal_rcc.o(.text.HAL_RCC_GetPCLK1Freq)
    HAL_RCC_GetPCLK2Freq                     0x08001199   Thumb Code    38  stm32f1xx_hal_rcc.o(.text.HAL_RCC_GetPCLK2Freq)
    HAL_RCC_OscConfig                        0x080011c1   Thumb Code   948  stm32f1xx_hal_rcc.o(.text.HAL_RCC_OscConfig)
    HAL_SYSTICK_Config                       0x08001575   Thumb Code    44  stm32f1xx_hal_cortex.o(.text.HAL_SYSTICK_Config)
    HAL_TIMEx_BreakCallback                  0x080015a1   Thumb Code     2  stm32f1xx_hal_tim_ex.o(.text.HAL_TIMEx_BreakCallback)
    HAL_TIMEx_CommutCallback                 0x080015a5   Thumb Code     2  stm32f1xx_hal_tim_ex.o(.text.HAL_TIMEx_CommutCallback)
    HAL_TIMEx_MasterConfigSynchronization    0x080015a9   Thumb Code   122  stm32f1xx_hal_tim_ex.o(.text.HAL_TIMEx_MasterConfigSynchronization)
    HAL_TIM_Base_Init                        0x08001625   Thumb Code   236  stm32f1xx_hal_tim.o(.text.HAL_TIM_Base_Init)
    HAL_TIM_Base_MspInit                     0x08001711   Thumb Code    64  tim.o(.text.HAL_TIM_Base_MspInit)
    HAL_TIM_Base_Start_IT                    0x08001751   Thumb Code   110  stm32f1xx_hal_tim.o(.text.HAL_TIM_Base_Start_IT)
    HAL_TIM_ConfigClockSource                0x080017c1   Thumb Code   402  stm32f1xx_hal_tim.o(.text.HAL_TIM_ConfigClockSource)
    HAL_TIM_IC_CaptureCallback               0x08001955   Thumb Code     2  stm32f1xx_hal_tim.o(.text.HAL_TIM_IC_CaptureCallback)
    HAL_TIM_IRQHandler                       0x08001959   Thumb Code   368  stm32f1xx_hal_tim.o(.text.HAL_TIM_IRQHandler)
    HAL_TIM_OC_DelayElapsedCallback          0x08001ac9   Thumb Code     2  stm32f1xx_hal_tim.o(.text.HAL_TIM_OC_DelayElapsedCallback)
    HAL_TIM_PWM_PulseFinishedCallback        0x08001acd   Thumb Code     2  stm32f1xx_hal_tim.o(.text.HAL_TIM_PWM_PulseFinishedCallback)
    HAL_TIM_PeriodElapsedCallback            0x08001ad1   Thumb Code   118  tim.o(.text.HAL_TIM_PeriodElapsedCallback)
    HAL_TIM_TriggerCallback                  0x08001b49   Thumb Code     2  stm32f1xx_hal_tim.o(.text.HAL_TIM_TriggerCallback)
    HAL_UARTEx_RxEventCallback               0x08001b4d   Thumb Code     2  stm32f1xx_hal_uart.o(.text.HAL_UARTEx_RxEventCallback)
    HAL_UART_ErrorCallback                   0x08001b51   Thumb Code     2  stm32f1xx_hal_uart.o(.text.HAL_UART_ErrorCallback)
    HAL_UART_IRQHandler                      0x08001b55   Thumb Code   620  stm32f1xx_hal_uart.o(.text.HAL_UART_IRQHandler)
    HAL_UART_Init                            0x08001dc1   Thumb Code   220  stm32f1xx_hal_uart.o(.text.HAL_UART_Init)
    HAL_UART_MspInit                         0x08001e9d   Thumb Code   250  usart.o(.text.HAL_UART_MspInit)
    HAL_UART_Receive_IT                      0x08001f99   Thumb Code    86  stm32f1xx_hal_uart.o(.text.HAL_UART_Receive_IT)
    HAL_UART_RxCpltCallback                  0x08001ff1   Thumb Code   184  usart.o(.text.HAL_UART_RxCpltCallback)
    HAL_UART_Transmit                        0x080020c5   Thumb Code   432  stm32f1xx_hal_uart.o(.text.HAL_UART_Transmit)
    HAL_UART_TxCpltCallback                  0x08002275   Thumb Code     2  stm32f1xx_hal_uart.o(.text.HAL_UART_TxCpltCallback)
    HardFault_Handler                        0x08002279   Thumb Code     2  stm32f1xx_it.o(.text.HardFault_Handler)
    I2C_ReadByte                             0x0800227d   Thumb Code   390  mpuiic.o(.text.I2C_ReadByte)
    I2C_SendByte                             0x08002405   Thumb Code   310  mpuiic.o(.text.I2C_SendByte)
    MPU_Init                                 0x0800253d   Thumb Code   130  mpu6050.o(.text.MPU_Init)
    MPU_Read_Byte                            0x080025c1   Thumb Code   152  mpuiic.o(.text.MPU_Read_Byte)
    MPU_Read_Len                             0x08002659   Thumb Code   184  mpuiic.o(.text.MPU_Read_Len)
    MPU_Write_Byte                           0x08002711   Thumb Code   106  mpuiic.o(.text.MPU_Write_Byte)
    MPU_Write_Len                            0x0800277d   Thumb Code   128  mpuiic.o(.text.MPU_Write_Len)
    MX_GPIO_Init                             0x080027fd   Thumb Code   198  gpio.o(.text.MX_GPIO_Init)
    MX_TIM2_Init                             0x080028c5   Thumb Code   112  tim.o(.text.MX_TIM2_Init)
    MX_USART1_UART_Init                      0x08002935   Thumb Code    62  usart.o(.text.MX_USART1_UART_Init)
    MX_USART2_UART_Init                      0x08002975   Thumb Code    60  usart.o(.text.MX_USART2_UART_Init)
    MemManage_Handler                        0x080029b1   Thumb Code     2  stm32f1xx_it.o(.text.MemManage_Handler)
    NMI_Handler                              0x080029b5   Thumb Code     2  stm32f1xx_it.o(.text.NMI_Handler)
    PendSV_Handler                           0x080029b9   Thumb Code     2  stm32f1xx_it.o(.text.PendSV_Handler)
    SVC_Handler                              0x080029bd   Thumb Code     2  stm32f1xx_it.o(.text.SVC_Handler)
    SysTick_Handler                          0x080029c1   Thumb Code     4  stm32f1xx_it.o(.text.SysTick_Handler)
    SystemInit                               0x080029c5   Thumb Code     2  system_stm32f1xx.o(.text.SystemInit)
    TIM2_IRQHandler                          0x080029c9   Thumb Code    12  stm32f1xx_it.o(.text.TIM2_IRQHandler)
    USART1_IRQHandler                        0x08002a99   Thumb Code    12  stm32f1xx_it.o(.text.USART1_IRQHandler)
    UsageFault_Handler                       0x08002aa5   Thumb Code     2  stm32f1xx_it.o(.text.UsageFault_Handler)
    Voice_mode                               0x08002aa9   Thumb Code    32  func.o(.text.Voice_mode)
    YUYIN_func                               0x08002af9   Thumb Code   390  func.o(.text.YUYIN_func)
    dmp_enable_feature                       0x08002c81   Thumb Code   670  inv_mpu_dmp_motion_driver.o(.text.dmp_enable_feature)
    dmp_load_motion_driver_firmware          0x08002f21   Thumb Code    22  inv_mpu_dmp_motion_driver.o(.text.dmp_load_motion_driver_firmware)
    dmp_read_fifo                            0x08002f39   Thumb Code   484  inv_mpu_dmp_motion_driver.o(.text.dmp_read_fifo)
    dmp_set_accel_bias                       0x0800311d   Thumb Code   190  inv_mpu_dmp_motion_driver.o(.text.dmp_set_accel_bias)
    dmp_set_fifo_rate                        0x080031dd   Thumb Code   112  inv_mpu_dmp_motion_driver.o(.text.dmp_set_fifo_rate)
    dmp_set_gyro_bias                        0x0800324d   Thumb Code   196  inv_mpu_dmp_motion_driver.o(.text.dmp_set_gyro_bias)
    dmp_set_orientation                      0x08003311   Thumb Code   232  inv_mpu_dmp_motion_driver.o(.text.dmp_set_orientation)
    dmp_set_tap_thresh                       0x080033f9   Thumb Code   294  inv_mpu_dmp_motion_driver.o(.text.dmp_set_tap_thresh)
    fputc                                    0x08003521   Thumb Code    34  usart.o(.text.fputc)
    inv_orientation_matrix_to_scalar         0x08003879   Thumb Code   220  inv_mpu.o(.text.inv_orientation_matrix_to_scalar)
    main                                     0x08003955   Thumb Code   512  main.o(.text.main)
    mget_ms                                  0x08003b69   Thumb Code     2  inv_mpu.o(.text.mget_ms)
    mpu_configure_fifo                       0x08003b6d   Thumb Code   176  inv_mpu.o(.text.mpu_configure_fifo)
    mpu_dmp_get_data                         0x08003c1d   Thumb Code   506  inv_mpu.o(.text.mpu_dmp_get_data)
    mpu_dmp_init                             0x08003e19   Thumb Code   238  inv_mpu.o(.text.mpu_dmp_init)
    mpu_get_accel_fsr                        0x08003f09   Thumb Code    60  inv_mpu.o(.text.mpu_get_accel_fsr)
    mpu_get_accel_sens                       0x08003f45   Thumb Code    52  inv_mpu.o(.text.mpu_get_accel_sens)
    mpu_init                                 0x08003f89   Thumb Code   352  inv_mpu.o(.text.mpu_init)
    mpu_load_firmware                        0x08004109   Thumb Code   322  inv_mpu.o(.text.mpu_load_firmware)
    mpu_lp_accel_mode                        0x0800424d   Thumb Code   540  inv_mpu.o(.text.mpu_lp_accel_mode)
    mpu_read_fifo_stream                     0x08004469   Thumb Code   186  inv_mpu.o(.text.mpu_read_fifo_stream)
    mpu_reset_fifo                           0x08004525   Thumb Code   386  inv_mpu.o(.text.mpu_reset_fifo)
    mpu_run_self_test                        0x080046a9   Thumb Code  2316  inv_mpu.o(.text.mpu_run_self_test)
    mpu_set_accel_fsr                        0x08004fd5   Thumb Code   154  inv_mpu.o(.text.mpu_set_accel_fsr)
    mpu_set_bypass                           0x08005071   Thumb Code   238  inv_mpu.o(.text.mpu_set_bypass)
    mpu_set_dmp_state                        0x08005161   Thumb Code   224  inv_mpu.o(.text.mpu_set_dmp_state)
    mpu_set_lpf                              0x08005241   Thumb Code   156  inv_mpu.o(.text.mpu_set_lpf)
    mpu_set_sample_rate                      0x080052dd   Thumb Code   326  inv_mpu.o(.text.mpu_set_sample_rate)
    mpu_set_sensors                          0x08005425   Thumb Code   234  inv_mpu.o(.text.mpu_set_sensors)
    mpu_write_mem                            0x08005511   Thumb Code   100  inv_mpu.o(.text.mpu_write_mem)
    run_self_test                            0x08005575   Thumb Code   212  inv_mpu.o(.text.run_self_test)
    __0printf$8                              0x08005669   Thumb Code    22  printf8.o(i.__0printf$8)
    __1printf$8                              0x08005669   Thumb Code     0  printf8.o(i.__0printf$8)
    __2printf                                0x08005669   Thumb Code     0  printf8.o(i.__0printf$8)
    __ARM_fpclassify                         0x08005689   Thumb Code    40  fpclassify.o(i.__ARM_fpclassify)
    __kernel_poly                            0x080056b1   Thumb Code   170  poly.o(i.__kernel_poly)
    __mathlib_dbl_infnan                     0x0800575b   Thumb Code     6  dunder.o(i.__mathlib_dbl_infnan)
    __mathlib_dbl_infnan2                    0x08005761   Thumb Code     4  dunder.o(i.__mathlib_dbl_infnan2)
    __mathlib_dbl_invalid                    0x08005765   Thumb Code    12  dunder.o(i.__mathlib_dbl_invalid)
    __mathlib_dbl_underflow                  0x08005771   Thumb Code    10  dunder.o(i.__mathlib_dbl_underflow)
    __scatterload_copy                       0x08005781   Thumb Code    14  handlers.o(i.__scatterload_copy)
    __scatterload_null                       0x0800578f   Thumb Code     2  handlers.o(i.__scatterload_null)
    __scatterload_zeroinit                   0x08005791   Thumb Code    14  handlers.o(i.__scatterload_zeroinit)
    __set_errno                              0x080057a1   Thumb Code     6  errno.o(i.__set_errno)
    asin                                     0x08005c11   Thumb Code   572  asin.o(i.asin)
    atan                                     0x08005e81   Thumb Code   474  atan.o(i.atan)
    atan2                                    0x080060a1   Thumb Code   374  atan2.o(i.atan2)
    puts                                     0x0800623d   Thumb Code    30  puts.o(i.puts)
    sqrt                                     0x08006261   Thumb Code    76  sqrt.o(i.sqrt)
    __mathlib_zero                           0x08006398   Data           8  qnan.o(.constdata)
    AHBPrescTable                            0x080063a8   Data          16  system_stm32f1xx.o(.rodata.AHBPrescTable)
    APBPrescTable                            0x080063b8   Data           8  system_stm32f1xx.o(.rodata.APBPrescTable)
    hw                                       0x08006fc6   Data          12  inv_mpu.o(.rodata.hw)
    reg                                      0x08006fd2   Data          27  inv_mpu.o(.rodata.reg)
    str1                                     0x08006fed   Data           9  func.o(.rodata.str1)
    str10                                    0x08007042   Data           9  func.o(.rodata.str10)
    str11                                    0x0800704b   Data           9  func.o(.rodata.str11)
    str12                                    0x08007054   Data           9  func.o(.rodata.str12)
    str2                                     0x0800705d   Data           9  func.o(.rodata.str2)
    str3                                     0x08007066   Data           9  func.o(.rodata.str3)
    str4                                     0x0800706f   Data           9  func.o(.rodata.str4)
    str5                                     0x08007078   Data           9  func.o(.rodata.str5)
    str6                                     0x08007081   Data           9  func.o(.rodata.str6)
    str7                                     0x0800708a   Data           9  func.o(.rodata.str7)
    str8                                     0x08007093   Data           9  func.o(.rodata.str8)
    str9                                     0x0800709c   Data           9  func.o(.rodata.str9)
    test                                     0x080070a8   Data          40  inv_mpu.o(.rodata.test)
    Region$$Table$$Base                      0x080070d0   Number         0  anon$$obj.o(Region$$Table)
    Region$$Table$$Limit                     0x080070f0   Number         0  anon$$obj.o(Region$$Table)
    __stdout                                 0x20000000   Data           4  stdout.o(.data)
    uwTickFreq                               0x20000008   Data           1  stm32f1xx_hal.o(.data..L_MergedGlobals)
    uwTickPrio                               0x2000000c   Data           4  stm32f1xx_hal.o(.data..L_MergedGlobals)
    SystemCoreClock                          0x20000048   Data           4  system_stm32f1xx.o(.data.SystemCoreClock)
    mod_change                               0x2000004c   Data           1  main.o(.data.mod_change)
    game                                     0x20000050   Data           1  main.o(.bss..L_MergedGlobals)
    mode                                     0x20000051   Data           1  main.o(.bss..L_MergedGlobals)
    usart1_rec                               0x20000054   Data           1  usart.o(.bss..L_MergedGlobals)
    p1                                       0x20000058   Data           4  usart.o(.bss..L_MergedGlobals)
    p2                                       0x2000005c   Data           4  usart.o(.bss..L_MergedGlobals)
    p3                                       0x20000060   Data           4  usart.o(.bss..L_MergedGlobals)
    p4                                       0x20000064   Data           4  usart.o(.bss..L_MergedGlobals)
    usart1_buff                              0x20000068   Data          20  usart.o(.bss..L_MergedGlobals)
    huart1                                   0x2000007c   Data          68  usart.o(.bss..L_MergedGlobals)
    board_state_old                          0x200000c0   Data           1  func.o(.bss..L_MergedGlobals)
    stop                                     0x200000c1   Data           1  func.o(.bss..L_MergedGlobals)
    htim2                                    0x200000e0   Data          72  tim.o(.bss.htim2)
    huart2                                   0x20000128   Data          68  usart.o(.bss.huart2)
    pitch                                    0x2000016c   Data           4  mpu6050.o(.bss.pitch)
    roll                                     0x20000170   Data           4  mpu6050.o(.bss.roll)
    uwTick                                   0x20000174   Data           4  stm32f1xx_hal.o(.bss.uwTick)
    yaw                                      0x20000178   Data           4  mpu6050.o(.bss.yaw)
    __initial_sp                             0x20000780   Data           0  startup_stm32f103xb.o(STACK)



==============================================================================

Memory Map of the image

  Image Entry point : 0x080000ed

  Load Region LR_IROM1 (Base: 0x08000000, Size: 0x00007140, Max: 0x00010000, ABSOLUTE)

    Execution Region ER_IROM1 (Exec base: 0x08000000, Load base: 0x08000000, Size: 0x000070f0, Max: 0x00010000, ABSOLUTE)

    Exec Addr    Load Addr    Size         Type   Attr      Idx    E Section Name        Object

    0x08000000   0x08000000   0x000000ec   Data   RO            3    RESET               startup_stm32f103xb.o
    0x080000ec   0x080000ec   0x00000000   Code   RO         1188  * .ARM.Collect$$$$00000000  mc_w.l(entry.o)
    0x080000ec   0x080000ec   0x00000004   Code   RO         1528    .ARM.Collect$$$$00000001  mc_w.l(entry2.o)
    0x080000f0   0x080000f0   0x00000004   Code   RO         1531    .ARM.Collect$$$$00000004  mc_w.l(entry5.o)
    0x080000f4   0x080000f4   0x00000000   Code   RO         1533    .ARM.Collect$$$$00000008  mc_w.l(entry7b.o)
    0x080000f4   0x080000f4   0x00000000   Code   RO         1535    .ARM.Collect$$$$0000000A  mc_w.l(entry8b.o)
    0x080000f4   0x080000f4   0x00000008   Code   RO         1536    .ARM.Collect$$$$0000000B  mc_w.l(entry9a.o)
    0x080000fc   0x080000fc   0x00000000   Code   RO         1538    .ARM.Collect$$$$0000000D  mc_w.l(entry10a.o)
    0x080000fc   0x080000fc   0x00000000   Code   RO         1540    .ARM.Collect$$$$0000000F  mc_w.l(entry11a.o)
    0x080000fc   0x080000fc   0x00000004   Code   RO         1529    .ARM.Collect$$$$00002712  mc_w.l(entry2.o)
    0x08000100   0x08000100   0x00000024   Code   RO            4    .text               startup_stm32f103xb.o
    0x08000124   0x08000124   0x00000062   Code   RO         1195    .text               mc_w.l(ldiv.o)
    0x08000186   0x08000186   0x00000024   Code   RO         1197    .text               mc_w.l(memseta.o)
    0x080001aa   0x080001aa   0x00000024   Code   RO         1199    .text               mc_w.l(strstr.o)
    0x080001ce   0x080001ce   0x0000000e   Code   RO         1201    .text               mc_w.l(strlen.o)
    0x080001dc   0x080001dc   0x0000001a   Code   RO         1203    .text               mc_w.l(memcmp.o)
    0x080001f6   0x080001f6   0x000000b0   Code   RO         1466    .text               mf_w.l(fadd.o)
    0x080002a6   0x080002a6   0x00000064   Code   RO         1468    .text               mf_w.l(fmul.o)
    0x0800030a   0x0800030a   0x0000007c   Code   RO         1470    .text               mf_w.l(fdiv.o)
    0x08000386   0x08000386   0x0000014e   Code   RO         1472    .text               mf_w.l(dadd.o)
    0x080004d4   0x080004d4   0x000000e4   Code   RO         1474    .text               mf_w.l(dmul.o)
    0x080005b8   0x080005b8   0x000000de   Code   RO         1476    .text               mf_w.l(ddiv.o)
    0x08000696   0x08000696   0x0000001c   Code   RO         1478    .text               mf_w.l(fcmple.o)
    0x080006b2   0x080006b2   0x0000001c   Code   RO         1480    .text               mf_w.l(fcmplt.o)
    0x080006ce   0x080006ce   0x0000001c   Code   RO         1482    .text               mf_w.l(fcmpge.o)
    0x080006ea   0x080006ea   0x0000001c   Code   RO         1484    .text               mf_w.l(fcmpgt.o)
    0x08000706   0x08000706   0x0000001c   Code   RO         1486    .text               mf_w.l(fcmpeq.o)
    0x08000722   0x08000722   0x00000012   Code   RO         1488    .text               mf_w.l(fflti.o)
    0x08000734   0x08000734   0x0000000a   Code   RO         1490    .text               mf_w.l(ffltui.o)
    0x0800073e   0x0800073e   0x00000032   Code   RO         1494    .text               mf_w.l(ffixi.o)
    0x08000770   0x08000770   0x00000026   Code   RO         1496    .text               mf_w.l(f2d.o)
    0x08000796   0x08000796   0x00000038   Code   RO         1498    .text               mf_w.l(d2f.o)
    0x080007ce   0x080007ce   0x00000062   Code   RO         1554    .text               mc_w.l(uldiv.o)
    0x08000830   0x08000830   0x0000001e   Code   RO         1556    .text               mc_w.l(llshl.o)
    0x0800084e   0x0800084e   0x00000024   Code   RO         1558    .text               mc_w.l(llsshr.o)
    0x08000872   0x08000872   0x00000000   Code   RO         1567    .text               mc_w.l(iusefp.o)
    0x08000872   0x08000872   0x0000006e   Code   RO         1568    .text               mf_w.l(fepilogue.o)
    0x080008e0   0x080008e0   0x000000ba   Code   RO         1570    .text               mf_w.l(depilogue.o)
    0x0800099a   0x0800099a   0x0000002e   Code   RO         1572    .text               mf_w.l(dscalb.o)
    0x080009c8   0x080009c8   0x00000030   Code   RO         1576    .text               mf_w.l(cdcmple.o)
    0x080009f8   0x080009f8   0x00000024   Code   RO         1580    .text               mc_w.l(init.o)
    0x08000a1c   0x08000a1c   0x00000020   Code   RO         1582    .text               mc_w.l(llushr.o)
    0x08000a3c   0x08000a3c   0x000000a2   Code   RO         1584    .text               mf_w.l(dsqrt.o)
    0x08000ade   0x08000ade   0x00000002   PAD
    0x08000ae0   0x08000ae0   0x00000002   Code   RO           83    .text.BusFault_Handler  stm32f1xx_it.o
    0x08000ae2   0x08000ae2   0x00000002   PAD
    0x08000ae4   0x08000ae4   0x00000002   Code   RO           89    .text.DebugMon_Handler  stm32f1xx_it.o
    0x08000ae6   0x08000ae6   0x00000002   PAD
    0x08000ae8   0x08000ae8   0x0000000a   Code   RO           15    .text.Error_Handler  main.o
    0x08000af2   0x08000af2   0x00000002   PAD
    0x08000af4   0x08000af4   0x00000046   Code   RO          591    .text.HAL_DMA_Abort  stm32f1xx_hal_dma.o
    0x08000b3a   0x08000b3a   0x00000002   PAD
    0x08000b3c   0x08000b3c   0x000000aa   Code   RO          593    .text.HAL_DMA_Abort_IT  stm32f1xx_hal_dma.o
    0x08000be6   0x08000be6   0x00000002   PAD
    0x08000be8   0x08000be8   0x00000028   Code   RO          467    .text.HAL_Delay     stm32f1xx_hal.o
    0x08000c10   0x08000c10   0x00000212   Code   RO          559    .text.HAL_GPIO_Init  stm32f1xx_hal_gpio.o
    0x08000e22   0x08000e22   0x00000002   PAD
    0x08000e24   0x08000e24   0x0000000a   Code   RO          563    .text.HAL_GPIO_ReadPin  stm32f1xx_hal_gpio.o
    0x08000e2e   0x08000e2e   0x00000002   PAD
    0x08000e30   0x08000e30   0x0000000a   Code   RO          565    .text.HAL_GPIO_WritePin  stm32f1xx_hal_gpio.o
    0x08000e3a   0x08000e3a   0x00000002   PAD
    0x08000e3c   0x08000e3c   0x0000000c   Code   RO          459    .text.HAL_GetTick   stm32f1xx_hal.o
    0x08000e48   0x08000e48   0x0000001a   Code   RO          457    .text.HAL_IncTick   stm32f1xx_hal.o
    0x08000e62   0x08000e62   0x00000002   PAD
    0x08000e64   0x08000e64   0x00000026   Code   RO          447    .text.HAL_Init      stm32f1xx_hal.o
    0x08000e8a   0x08000e8a   0x00000002   PAD
    0x08000e8c   0x08000e8c   0x00000048   Code   RO          449    .text.HAL_InitTick  stm32f1xx_hal.o
    0x08000ed4   0x08000ed4   0x00000042   Code   RO          106    .text.HAL_MspInit   stm32f1xx_hal_msp.o
    0x08000f16   0x08000f16   0x00000002   PAD
    0x08000f18   0x08000f18   0x00000020   Code   RO          619    .text.HAL_NVIC_EnableIRQ  stm32f1xx_hal_cortex.o
    0x08000f38   0x08000f38   0x00000056   Code   RO          617    .text.HAL_NVIC_SetPriority  stm32f1xx_hal_cortex.o
    0x08000f8e   0x08000f8e   0x00000002   PAD
    0x08000f90   0x08000f90   0x00000020   Code   RO          615    .text.HAL_NVIC_SetPriorityGrouping  stm32f1xx_hal_cortex.o
    0x08000fb0   0x08000fb0   0x000001be   Code   RO          511    .text.HAL_RCC_ClockConfig  stm32f1xx_hal_rcc.o
    0x0800116e   0x0800116e   0x00000002   PAD
    0x08001170   0x08001170   0x00000026   Code   RO          523    .text.HAL_RCC_GetPCLK1Freq  stm32f1xx_hal_rcc.o
    0x08001196   0x08001196   0x00000002   PAD
    0x08001198   0x08001198   0x00000026   Code   RO          525    .text.HAL_RCC_GetPCLK2Freq  stm32f1xx_hal_rcc.o
    0x080011be   0x080011be   0x00000002   PAD
    0x080011c0   0x080011c0   0x000003b4   Code   RO          509    .text.HAL_RCC_OscConfig  stm32f1xx_hal_rcc.o
    0x08001574   0x08001574   0x0000002c   Code   RO          627    .text.HAL_SYSTICK_Config  stm32f1xx_hal_cortex.o
    0x080015a0   0x080015a0   0x00000002   Code   RO          433    .text.HAL_TIMEx_BreakCallback  stm32f1xx_hal_tim_ex.o
    0x080015a2   0x080015a2   0x00000002   PAD
    0x080015a4   0x080015a4   0x00000002   Code   RO          429    .text.HAL_TIMEx_CommutCallback  stm32f1xx_hal_tim_ex.o
    0x080015a6   0x080015a6   0x00000002   PAD
    0x080015a8   0x080015a8   0x0000007a   Code   RO          423    .text.HAL_TIMEx_MasterConfigSynchronization  stm32f1xx_hal_tim_ex.o
    0x08001622   0x08001622   0x00000002   PAD
    0x08001624   0x08001624   0x000000ec   Code   RO          129    .text.HAL_TIM_Base_Init  stm32f1xx_hal_tim.o
    0x08001710   0x08001710   0x00000040   Code   RO           39    .text.HAL_TIM_Base_MspInit  tim.o
    0x08001750   0x08001750   0x0000006e   Code   RO          143    .text.HAL_TIM_Base_Start_IT  stm32f1xx_hal_tim.o
    0x080017be   0x080017be   0x00000002   PAD
    0x080017c0   0x080017c0   0x00000192   Code   RO          309    .text.HAL_TIM_ConfigClockSource  stm32f1xx_hal_tim.o
    0x08001952   0x08001952   0x00000002   PAD
    0x08001954   0x08001954   0x00000002   Code   RO          265    .text.HAL_TIM_IC_CaptureCallback  stm32f1xx_hal_tim.o
    0x08001956   0x08001956   0x00000002   PAD
    0x08001958   0x08001958   0x00000170   Code   RO          263    .text.HAL_TIM_IRQHandler  stm32f1xx_hal_tim.o
    0x08001ac8   0x08001ac8   0x00000002   Code   RO          267    .text.HAL_TIM_OC_DelayElapsedCallback  stm32f1xx_hal_tim.o
    0x08001aca   0x08001aca   0x00000002   PAD
    0x08001acc   0x08001acc   0x00000002   Code   RO          269    .text.HAL_TIM_PWM_PulseFinishedCallback  stm32f1xx_hal_tim.o
    0x08001ace   0x08001ace   0x00000002   PAD
    0x08001ad0   0x08001ad0   0x00000076   Code   RO           43    .text.HAL_TIM_PeriodElapsedCallback  tim.o
    0x08001b46   0x08001b46   0x00000002   PAD
    0x08001b48   0x08001b48   0x00000002   Code   RO          273    .text.HAL_TIM_TriggerCallback  stm32f1xx_hal_tim.o
    0x08001b4a   0x08001b4a   0x00000002   PAD
    0x08001b4c   0x08001b4c   0x00000002   Code   RO          862    .text.HAL_UARTEx_RxEventCallback  stm32f1xx_hal_uart.o
    0x08001b4e   0x08001b4e   0x00000002   PAD
    0x08001b50   0x08001b50   0x00000002   Code   RO          860    .text.HAL_UART_ErrorCallback  stm32f1xx_hal_uart.o
    0x08001b52   0x08001b52   0x00000002   PAD
    0x08001b54   0x08001b54   0x0000026c   Code   RO          854    .text.HAL_UART_IRQHandler  stm32f1xx_hal_uart.o
    0x08001dc0   0x08001dc0   0x000000dc   Code   RO          780    .text.HAL_UART_Init  stm32f1xx_hal_uart.o
    0x08001e9c   0x08001e9c   0x000000fa   Code   RO           63    .text.HAL_UART_MspInit  usart.o
    0x08001f96   0x08001f96   0x00000002   PAD
    0x08001f98   0x08001f98   0x00000056   Code   RO          800    .text.HAL_UART_Receive_IT  stm32f1xx_hal_uart.o
    0x08001fee   0x08001fee   0x00000002   PAD
    0x08001ff0   0x08001ff0   0x000000d4   Code   RO           57    .text.HAL_UART_RxCpltCallback  usart.o
    0x080020c4   0x080020c4   0x000001b0   Code   RO          794    .text.HAL_UART_Transmit  stm32f1xx_hal_uart.o
    0x08002274   0x08002274   0x00000002   Code   RO          864    .text.HAL_UART_TxCpltCallback  stm32f1xx_hal_uart.o
    0x08002276   0x08002276   0x00000002   PAD
    0x08002278   0x08002278   0x00000002   Code   RO           79    .text.HardFault_Handler  stm32f1xx_it.o
    0x0800227a   0x0800227a   0x00000002   PAD
    0x0800227c   0x0800227c   0x00000186   Code   RO         1162    .text.I2C_ReadByte  mpuiic.o
    0x08002402   0x08002402   0x00000002   PAD
    0x08002404   0x08002404   0x00000136   Code   RO         1160    .text.I2C_SendByte  mpuiic.o
    0x0800253a   0x0800253a   0x00000002   PAD
    0x0800253c   0x0800253c   0x00000082   Code   RO         1123    .text.MPU_Init      mpu6050.o
    0x080025be   0x080025be   0x00000002   PAD
    0x080025c0   0x080025c0   0x00000098   Code   RO         1170    .text.MPU_Read_Byte  mpuiic.o
    0x08002658   0x08002658   0x000000b8   Code   RO         1166    .text.MPU_Read_Len  mpuiic.o
    0x08002710   0x08002710   0x0000006a   Code   RO         1168    .text.MPU_Write_Byte  mpuiic.o
    0x0800277a   0x0800277a   0x00000002   PAD
    0x0800277c   0x0800277c   0x00000080   Code   RO         1164    .text.MPU_Write_Len  mpuiic.o
    0x080027fc   0x080027fc   0x000000c6   Code   RO           28    .text.MX_GPIO_Init  gpio.o
    0x080028c2   0x080028c2   0x00000002   PAD
    0x080028c4   0x080028c4   0x00000070   Code   RO           37    .text.MX_TIM2_Init  tim.o
    0x08002934   0x08002934   0x0000003e   Code   RO           59    .text.MX_USART1_UART_Init  usart.o
    0x08002972   0x08002972   0x00000002   PAD
    0x08002974   0x08002974   0x0000003c   Code   RO           61    .text.MX_USART2_UART_Init  usart.o
    0x080029b0   0x080029b0   0x00000002   Code   RO           81    .text.MemManage_Handler  stm32f1xx_it.o
    0x080029b2   0x080029b2   0x00000002   PAD
    0x080029b4   0x080029b4   0x00000002   Code   RO           77    .text.NMI_Handler   stm32f1xx_it.o
    0x080029b6   0x080029b6   0x00000002   PAD
    0x080029b8   0x080029b8   0x00000002   Code   RO           91    .text.PendSV_Handler  stm32f1xx_it.o
    0x080029ba   0x080029ba   0x00000002   PAD
    0x080029bc   0x080029bc   0x00000002   Code   RO           87    .text.SVC_Handler   stm32f1xx_it.o
    0x080029be   0x080029be   0x00000002   PAD
    0x080029c0   0x080029c0   0x00000004   Code   RO           93    .text.SysTick_Handler  stm32f1xx_it.o
    0x080029c4   0x080029c4   0x00000002   Code   RO          898    .text.SystemInit    system_stm32f1xx.o
    0x080029c6   0x080029c6   0x00000002   PAD
    0x080029c8   0x080029c8   0x0000000c   Code   RO           95    .text.TIM2_IRQHandler  stm32f1xx_it.o
    0x080029d4   0x080029d4   0x0000000c   Code   RO          858    .text.UART_DMAAbortOnError  stm32f1xx_hal_uart.o
    0x080029e0   0x080029e0   0x000000b6   Code   RO          856    .text.UART_Receive_IT  stm32f1xx_hal_uart.o
    0x08002a96   0x08002a96   0x00000002   PAD
    0x08002a98   0x08002a98   0x0000000c   Code   RO           97    .text.USART1_IRQHandler  stm32f1xx_it.o
    0x08002aa4   0x08002aa4   0x00000002   Code   RO           85    .text.UsageFault_Handler  stm32f1xx_it.o
    0x08002aa6   0x08002aa6   0x00000002   PAD
    0x08002aa8   0x08002aa8   0x00000050   Code   RO          913    .text.Voice_mode    func.o
    0x08002af8   0x08002af8   0x00000186   Code   RO          915    .text.YUYIN_func    func.o
    0x08002c7e   0x08002c7e   0x00000002   PAD
    0x08002c80   0x08002c80   0x0000029e   Code   RO         1087    .text.dmp_enable_feature  inv_mpu_dmp_motion_driver.o
    0x08002f1e   0x08002f1e   0x00000002   PAD
    0x08002f20   0x08002f20   0x00000016   Code   RO         1051    .text.dmp_load_motion_driver_firmware  inv_mpu_dmp_motion_driver.o
    0x08002f36   0x08002f36   0x00000002   PAD
    0x08002f38   0x08002f38   0x000001e4   Code   RO         1099    .text.dmp_read_fifo  inv_mpu_dmp_motion_driver.o
    0x0800311c   0x0800311c   0x000000be   Code   RO         1057    .text.dmp_set_accel_bias  inv_mpu_dmp_motion_driver.o
    0x080031da   0x080031da   0x00000002   PAD
    0x080031dc   0x080031dc   0x00000070   Code   RO         1059    .text.dmp_set_fifo_rate  inv_mpu_dmp_motion_driver.o
    0x0800324c   0x0800324c   0x000000c4   Code   RO         1055    .text.dmp_set_gyro_bias  inv_mpu_dmp_motion_driver.o
    0x08003310   0x08003310   0x000000e8   Code   RO         1053    .text.dmp_set_orientation  inv_mpu_dmp_motion_driver.o
    0x080033f8   0x080033f8   0x00000126   Code   RO         1063    .text.dmp_set_tap_thresh  inv_mpu_dmp_motion_driver.o
    0x0800351e   0x0800351e   0x00000002   PAD
    0x08003520   0x08003520   0x00000022   Code   RO           55    .text.fputc         usart.o
    0x08003542   0x08003542   0x00000002   PAD
    0x08003544   0x08003544   0x00000334   Code   RO         1008    .text.get_st_biases  inv_mpu.o
    0x08003878   0x08003878   0x000000dc   Code   RO         1028    .text.inv_orientation_matrix_to_scalar  inv_mpu.o
    0x08003954   0x08003954   0x00000214   Code   RO           11    .text.main          main.o
    0x08003b68   0x08003b68   0x00000002   Code   RO          966    .text.mget_ms       inv_mpu.o
    0x08003b6a   0x08003b6a   0x00000002   PAD
    0x08003b6c   0x08003b6c   0x000000b0   Code   RO          954    .text.mpu_configure_fifo  inv_mpu.o
    0x08003c1c   0x08003c1c   0x000001fa   Code   RO         1034    .text.mpu_dmp_get_data  inv_mpu.o
    0x08003e16   0x08003e16   0x00000002   PAD
    0x08003e18   0x08003e18   0x000000ee   Code   RO         1032    .text.mpu_dmp_init  inv_mpu.o
    0x08003f06   0x08003f06   0x00000002   PAD
    0x08003f08   0x08003f08   0x0000003c   Code   RO          978    .text.mpu_get_accel_fsr  inv_mpu.o
    0x08003f44   0x08003f44   0x00000044   Code   RO          990    .text.mpu_get_accel_sens  inv_mpu.o
    0x08003f88   0x08003f88   0x00000180   Code   RO          944    .text.mpu_init      inv_mpu.o
    0x08004108   0x08004108   0x00000142   Code   RO         1014    .text.mpu_load_firmware  inv_mpu.o
    0x0800424a   0x0800424a   0x00000002   PAD
    0x0800424c   0x0800424c   0x0000021c   Code   RO          960    .text.mpu_lp_accel_mode  inv_mpu.o
    0x08004468   0x08004468   0x000000ba   Code   RO         1000    .text.mpu_read_fifo_stream  inv_mpu.o
    0x08004522   0x08004522   0x00000002   PAD
    0x08004524   0x08004524   0x00000182   Code   RO          974    .text.mpu_reset_fifo  inv_mpu.o
    0x080046a6   0x080046a6   0x00000002   PAD
    0x080046a8   0x080046a8   0x0000092c   Code   RO         1004    .text.mpu_run_self_test  inv_mpu.o
    0x08004fd4   0x08004fd4   0x0000009a   Code   RO          948    .text.mpu_set_accel_fsr  inv_mpu.o
    0x0800506e   0x0800506e   0x00000002   PAD
    0x08005070   0x08005070   0x000000ee   Code   RO          956    .text.mpu_set_bypass  inv_mpu.o
    0x0800515e   0x0800515e   0x00000002   PAD
    0x08005160   0x08005160   0x000000e0   Code   RO         1006    .text.mpu_set_dmp_state  inv_mpu.o
    0x08005240   0x08005240   0x0000009c   Code   RO          950    .text.mpu_set_lpf   inv_mpu.o
    0x080052dc   0x080052dc   0x00000146   Code   RO          952    .text.mpu_set_sample_rate  inv_mpu.o
    0x08005422   0x08005422   0x00000002   PAD
    0x08005424   0x08005424   0x000000ea   Code   RO          958    .text.mpu_set_sensors  inv_mpu.o
    0x0800550e   0x0800550e   0x00000002   PAD
    0x08005510   0x08005510   0x00000064   Code   RO         1010    .text.mpu_write_mem  inv_mpu.o
    0x08005574   0x08005574   0x000000f4   Code   RO         1026    .text.run_self_test  inv_mpu.o
    0x08005668   0x08005668   0x00000020   Code   RO         1412    i.__0printf$8       mc_w.l(printf8.o)
    0x08005688   0x08005688   0x00000028   Code   RO         1519    i.__ARM_fpclassify  m_ws.l(fpclassify.o)
    0x080056b0   0x080056b0   0x000000aa   Code   RO         1521    i.__kernel_poly     m_ws.l(poly.o)
    0x0800575a   0x0800575a   0x00000006   Code   RO         1506    i.__mathlib_dbl_infnan  m_ws.l(dunder.o)
    0x08005760   0x08005760   0x00000004   Code   RO         1507    i.__mathlib_dbl_infnan2  m_ws.l(dunder.o)
    0x08005764   0x08005764   0x0000000c   Code   RO         1508    i.__mathlib_dbl_invalid  m_ws.l(dunder.o)
    0x08005770   0x08005770   0x00000010   Code   RO         1511    i.__mathlib_dbl_underflow  m_ws.l(dunder.o)
    0x08005780   0x08005780   0x0000000e   Code   RO         1588    i.__scatterload_copy  mc_w.l(handlers.o)
    0x0800578e   0x0800578e   0x00000002   Code   RO         1589    i.__scatterload_null  mc_w.l(handlers.o)
    0x08005790   0x08005790   0x0000000e   Code   RO         1590    i.__scatterload_zeroinit  mc_w.l(handlers.o)
    0x0800579e   0x0800579e   0x00000002   PAD
    0x080057a0   0x080057a0   0x0000000c   Code   RO         1562    i.__set_errno       mc_w.l(errno.o)
    0x080057ac   0x080057ac   0x00000410   Code   RO         1419    i._printf_core      mc_w.l(printf8.o)
    0x08005bbc   0x08005bbc   0x00000024   Code   RO         1420    i._printf_post_padding  mc_w.l(printf8.o)
    0x08005be0   0x08005be0   0x0000002e   Code   RO         1421    i._printf_pre_padding  mc_w.l(printf8.o)
    0x08005c0e   0x08005c0e   0x00000002   PAD
    0x08005c10   0x08005c10   0x00000270   Code   RO         1180    i.asin              m_ws.l(asin.o)
    0x08005e80   0x08005e80   0x00000220   Code   RO         1501    i.atan              m_ws.l(atan.o)
    0x080060a0   0x080060a0   0x0000019c   Code   RO         1185    i.atan2             m_ws.l(atan2.o)
    0x0800623c   0x0800623c   0x00000024   Code   RO         1191    i.puts              mc_w.l(puts.o)
    0x08006260   0x08006260   0x0000004c   Code   RO         1525    i.sqrt              m_ws.l(sqrt.o)
    0x080062ac   0x080062ac   0x00000004   PAD
    0x080062b0   0x080062b0   0x00000050   Data   RO         1181    .constdata          m_ws.l(asin.o)
    0x08006300   0x08006300   0x00000098   Data   RO         1502    .constdata          m_ws.l(atan.o)
    0x08006398   0x08006398   0x00000008   Data   RO         1523    .constdata          m_ws.l(qnan.o)
    0x080063a0   0x080063a0   0x00000002   Data   RO          536    .rodata..L__const.HAL_RCC_GetSysClockFreq.aPredivFactorTable  stm32f1xx_hal_rcc.o
    0x080063a2   0x080063a2   0x00000003   Data   RO         1107    .rodata..L__const.dmp_set_orientation.accel_axes  inv_mpu_dmp_motion_driver.o
    0x080063a5   0x080063a5   0x00000003   Data   RO         1106    .rodata..L__const.dmp_set_orientation.gyro_axes  inv_mpu_dmp_motion_driver.o
    0x080063a8   0x080063a8   0x00000010   Data   RO          903    .rodata.AHBPrescTable  system_stm32f1xx.o
    0x080063b8   0x080063b8   0x00000008   Data   RO          904    .rodata.APBPrescTable  system_stm32f1xx.o
    0x080063c0   0x080063c0   0x00000010   Data   RO          535    .rodata.cst16       stm32f1xx_hal_rcc.o
    0x080063d0   0x080063d0   0x00000bf6   Data   RO         1105    .rodata.dmp_memory  inv_mpu_dmp_motion_driver.o
    0x08006fc6   0x08006fc6   0x0000000c   Data   RO         1037    .rodata.hw          inv_mpu.o
    0x08006fd2   0x08006fd2   0x0000001b   Data   RO         1036    .rodata.reg         inv_mpu.o
    0x08006fed   0x08006fed   0x00000009   Data   RO          917    .rodata.str1        func.o
    0x08006ff6   0x08006ff6   0x0000004c   Data   RO         1039    .rodata.str1.1      inv_mpu.o
    0x08007042   0x08007042   0x00000009   Data   RO          926    .rodata.str10       func.o
    0x0800704b   0x0800704b   0x00000009   Data   RO          927    .rodata.str11       func.o
    0x08007054   0x08007054   0x00000009   Data   RO          928    .rodata.str12       func.o
    0x0800705d   0x0800705d   0x00000009   Data   RO          918    .rodata.str2        func.o
    0x08007066   0x08007066   0x00000009   Data   RO          919    .rodata.str3        func.o
    0x0800706f   0x0800706f   0x00000009   Data   RO          920    .rodata.str4        func.o
    0x08007078   0x08007078   0x00000009   Data   RO          921    .rodata.str5        func.o
    0x08007081   0x08007081   0x00000009   Data   RO          922    .rodata.str6        func.o
    0x0800708a   0x0800708a   0x00000009   Data   RO          923    .rodata.str7        func.o
    0x08007093   0x08007093   0x00000009   Data   RO          924    .rodata.str8        func.o
    0x0800709c   0x0800709c   0x00000009   Data   RO          925    .rodata.str9        func.o
    0x080070a5   0x080070a5   0x00000003   PAD
    0x080070a8   0x080070a8   0x00000028   Data   RO         1038    .rodata.test        inv_mpu.o
    0x080070d0   0x080070d0   0x00000020   Data   RO         1587    Region$$Table       anon$$obj.o


    Execution Region RW_IRAM1 (Exec base: 0x20000000, Load base: 0x080070f0, Size: 0x00000780, Max: 0x00005000, ABSOLUTE)

    Exec Addr    Load Addr    Size         Type   Attr      Idx    E Section Name        Object

    0x20000000   0x080070f0   0x00000004   Data   RW         1542    .data               mc_w.l(stdout.o)
    0x20000004   0x080070f4   0x00000004   Data   RW         1563    .data               mc_w.l(errno.o)
    0x20000008   0x080070f8   0x00000008   Data   RW          498    .data..L_MergedGlobals  stm32f1xx_hal.o
    0x20000010   0x08007100   0x00000038   Data   RW         1042    .data..L_MergedGlobals  inv_mpu.o
    0x20000048   0x08007138   0x00000004   Data   RW          902    .data.SystemCoreClock  system_stm32f1xx.o
    0x2000004c   0x0800713c   0x00000001   Data   RW           17    .data.mod_change    main.o
    0x2000004d   0x0800713d   0x00000003   PAD
    0x20000050        -       0x00000002   Zero   RW           19    .bss..L_MergedGlobals  main.o
    0x20000052   0x0800713d   0x00000002   PAD
    0x20000054        -       0x0000006c   Zero   RW           68    .bss..L_MergedGlobals  usart.o
    0x200000c0        -       0x00000002   Zero   RW          931    .bss..L_MergedGlobals  func.o
    0x200000c2   0x0800713d   0x00000002   PAD
    0x200000c4        -       0x00000010   Zero   RW         1114    .bss..L_MergedGlobals  inv_mpu_dmp_motion_driver.o
    0x200000d4        -       0x00000002   Zero   RW           46    .bss.HAL_TIM_PeriodElapsedCallback.T2_cnt  tim.o
    0x200000d6   0x0800713d   0x00000002   PAD
    0x200000d8        -       0x00000002   Zero   RW         1108    .bss.dmp.2          inv_mpu_dmp_motion_driver.o
    0x200000da   0x0800713d   0x00000002   PAD
    0x200000dc        -       0x00000002   Zero   RW         1109    .bss.dmp.4          inv_mpu_dmp_motion_driver.o
    0x200000de   0x0800713d   0x00000002   PAD
    0x200000e0        -       0x00000048   Zero   RW           45    .bss.htim2          tim.o
    0x20000128        -       0x00000044   Zero   RW           67    .bss.huart2         usart.o
    0x2000016c        -       0x00000004   Zero   RW         1139    .bss.pitch          mpu6050.o
    0x20000170        -       0x00000004   Zero   RW         1140    .bss.roll           mpu6050.o
    0x20000174        -       0x00000004   Zero   RW          497    .bss.uwTick         stm32f1xx_hal.o
    0x20000178        -       0x00000004   Zero   RW         1141    .bss.yaw            mpu6050.o
    0x2000017c   0x0800713d   0x00000004   PAD
    0x20000180        -       0x00000600   Zero   RW            1    STACK               startup_stm32f103xb.o


==============================================================================

Image component sizes


      Code (inc. data)   RO Data    RW Data    ZI Data      Debug   Object Name

       470         54        108          0          2       4204   func.o
       198          0          0          0          0       1585   gpio.o
      7932        132        155         56          0      32630   inv_mpu.o
      2200          8       3068          0         20      10823   inv_mpu_dmp_motion_driver.o
       542         20          0          1          2       3345   main.o
       130          0          0          0         12       3724   mpu6050.o
      1270          0          0          0          0       4575   mpuiic.o
        36          8        236          0       1536        772   startup_stm32f103xb.o
       188          0          0          8          4       5726   stm32f1xx_hal.o
       194          0          0          0          0       8452   stm32f1xx_hal_cortex.o
       240          0          0          0          0       8367   stm32f1xx_hal_dma.o
       550         22          0          0          0       4572   stm32f1xx_hal_gpio.o
        66          0          0          0          0       1180   stm32f1xx_hal_msp.o
      1470          0         18          0          0       7626   stm32f1xx_hal_rcc.o
      1124          0          0          0          0      54291   stm32f1xx_hal_tim.o
       126          0          0          0          0      20397   stm32f1xx_hal_tim_ex.o
      1558          0          0          0          0      23565   stm32f1xx_hal_uart.o
        44          0          0          0          0       5456   stm32f1xx_it.o
         2          0         24          4          0       1606   system_stm32f1xx.o
       294          0          0          0         74       6407   tim.o
       618         28          0          0        176       6802   usart.o

    ----------------------------------------------------------------------
     19372        272       3644         72       1840     216105   Object Totals
         0          0         32          0          0          0   (incl. Generated)
       120          0          3          3         14          0   (incl. Padding)

    ----------------------------------------------------------------------

      Code (inc. data)   RO Data    RW Data    ZI Data      Debug   Library Member Name

       624         52         80          0          0        168   asin.o
       544         70        152          0          0        124   atan.o
       412         38          0          0          0        144   atan2.o
        38          6          0          0          0        272   dunder.o
        40          0          0          0          0         68   fpclassify.o
       170          0          0          0          0         96   poly.o
         0          0          8          0          0          0   qnan.o
        76          0          0          0          0         84   sqrt.o
         0          0          0          0          0          0   entry.o
         0          0          0          0          0          0   entry10a.o
         0          0          0          0          0          0   entry11a.o
         8          4          0          0          0          0   entry2.o
         4          0          0          0          0          0   entry5.o
         0          0          0          0          0          0   entry7b.o
         0          0          0          0          0          0   entry8b.o
         8          4          0          0          0          0   entry9a.o
        12          6          0          4          0         68   errno.o
        30          0          0          0          0          0   handlers.o
        36          8          0          0          0         68   init.o
         0          0          0          0          0          0   iusefp.o
        98          0          0          0          0         84   ldiv.o
        30          0          0          0          0         68   llshl.o
        36          0          0          0          0         68   llsshr.o
        32          0          0          0          0         68   llushr.o
        26          0          0          0          0         80   memcmp.o
        36          0          0          0          0        108   memseta.o
      1154         54          0          0          0        352   printf8.o
        36          6          0          0          0         80   puts.o
         0          0          0          4          0          0   stdout.o
        14          0          0          0          0         68   strlen.o
        36          0          0          0          0         80   strstr.o
        98          0          0          0          0         92   uldiv.o
        48          0          0          0          0         68   cdcmple.o
        56          0          0          0          0         88   d2f.o
       334          0          0          0          0        148   dadd.o
       222          0          0          0          0        100   ddiv.o
       186          0          0          0          0        176   depilogue.o
       228          0          0          0          0         96   dmul.o
        46          0          0          0          0         80   dscalb.o
       162          0          0          0          0        100   dsqrt.o
        38          0          0          0          0         68   f2d.o
       176          0          0          0          0        140   fadd.o
        28          0          0          0          0         68   fcmpeq.o
        28          0          0          0          0         68   fcmpge.o
        28          0          0          0          0         68   fcmpgt.o
        28          0          0          0          0         68   fcmple.o
        28          0          0          0          0         68   fcmplt.o
       124          0          0          0          0         88   fdiv.o
       110          0          0          0          0        168   fepilogue.o
        50          0          0          0          0         68   ffixi.o
        18          0          0          0          0         68   fflti.o
        10          0          0          0          0         68   ffltui.o
       100          0          0          0          0         76   fmul.o

    ----------------------------------------------------------------------
      5656        248        240          8          0       4180   Library Totals
        10          0          0          0          0          0   (incl. Padding)

    ----------------------------------------------------------------------

      Code (inc. data)   RO Data    RW Data    ZI Data      Debug   Library Name

      1904        166        240          0          0        956   m_ws.l
      1694         82          0          8          0       1284   mc_w.l
      2048          0          0          0          0       1940   mf_w.l

    ----------------------------------------------------------------------
      5656        248        240          8          0       4180   Library Totals

    ----------------------------------------------------------------------

==============================================================================


      Code (inc. data)   RO Data    RW Data    ZI Data      Debug   

     25028        520       3884         80       1840     217769   Grand Totals
     25028        520       3884         80       1840     217769   ELF Image Totals
     25028        520       3884         80          0          0   ROM Totals

==============================================================================

    Total RO  Size (Code + RO Data)                28912 (  28.23kB)
    Total RW  Size (RW Data + ZI Data)              1920 (   1.88kB)
    Total ROM Size (Code + RO Data + RW Data)      28992 (  28.31kB)

==============================================================================

